Archive member included to satisfy reference by file (symbol)

C:/ST/STM32CubeIDE_1.15.1/STM32CubeIDE/plugins/com.st.stm32cube.ide.mcu.externaltools.gnu-tools-for-stm32.12.3.rel1.win32_1.0.100.202403111256/tools/bin/../lib/gcc/arm-none-eabi/12.3.1/../../../../arm-none-eabi/lib/thumb/v7e-m+fp/hard\libc_nano.a(libc_a-exit.o)
                              C:/ST/STM32CubeIDE_1.15.1/STM32CubeIDE/plugins/com.st.stm32cube.ide.mcu.externaltools.gnu-tools-for-stm32.12.3.rel1.win32_1.0.100.202403111256/tools/bin/../lib/gcc/arm-none-eabi/12.3.1/../../../../arm-none-eabi/lib/thumb/v7e-m+fp/hard/crt0.o (exit)
C:/ST/STM32CubeIDE_1.15.1/STM32CubeIDE/plugins/com.st.stm32cube.ide.mcu.externaltools.gnu-tools-for-stm32.12.3.rel1.win32_1.0.100.202403111256/tools/bin/../lib/gcc/arm-none-eabi/12.3.1/../../../../arm-none-eabi/lib/thumb/v7e-m+fp/hard\libc_nano.a(libc_a-findfp.o)
                              C:/ST/STM32CubeIDE_1.15.1/STM32CubeIDE/plugins/com.st.stm32cube.ide.mcu.externaltools.gnu-tools-for-stm32.12.3.rel1.win32_1.0.100.202403111256/tools/bin/../lib/gcc/arm-none-eabi/12.3.1/../../../../arm-none-eabi/lib/thumb/v7e-m+fp/hard\libc_nano.a(libc_a-exit.o) (__stdio_exit_handler)
C:/ST/STM32CubeIDE_1.15.1/STM32CubeIDE/plugins/com.st.stm32cube.ide.mcu.externaltools.gnu-tools-for-stm32.12.3.rel1.win32_1.0.100.202403111256/tools/bin/../lib/gcc/arm-none-eabi/12.3.1/../../../../arm-none-eabi/lib/thumb/v7e-m+fp/hard\libc_nano.a(libc_a-fwalk.o)
                              C:/ST/STM32CubeIDE_1.15.1/STM32CubeIDE/plugins/com.st.stm32cube.ide.mcu.externaltools.gnu-tools-for-stm32.12.3.rel1.win32_1.0.100.202403111256/tools/bin/../lib/gcc/arm-none-eabi/12.3.1/../../../../arm-none-eabi/lib/thumb/v7e-m+fp/hard\libc_nano.a(libc_a-findfp.o) (_fwalk_sglue)
C:/ST/STM32CubeIDE_1.15.1/STM32CubeIDE/plugins/com.st.stm32cube.ide.mcu.externaltools.gnu-tools-for-stm32.12.3.rel1.win32_1.0.100.202403111256/tools/bin/../lib/gcc/arm-none-eabi/12.3.1/../../../../arm-none-eabi/lib/thumb/v7e-m+fp/hard\libc_nano.a(libc_a-stdio.o)
                              C:/ST/STM32CubeIDE_1.15.1/STM32CubeIDE/plugins/com.st.stm32cube.ide.mcu.externaltools.gnu-tools-for-stm32.12.3.rel1.win32_1.0.100.202403111256/tools/bin/../lib/gcc/arm-none-eabi/12.3.1/../../../../arm-none-eabi/lib/thumb/v7e-m+fp/hard\libc_nano.a(libc_a-findfp.o) (__sread)
C:/ST/STM32CubeIDE_1.15.1/STM32CubeIDE/plugins/com.st.stm32cube.ide.mcu.externaltools.gnu-tools-for-stm32.12.3.rel1.win32_1.0.100.202403111256/tools/bin/../lib/gcc/arm-none-eabi/12.3.1/../../../../arm-none-eabi/lib/thumb/v7e-m+fp/hard\libc_nano.a(libc_a-memset.o)
                              C:/ST/STM32CubeIDE_1.15.1/STM32CubeIDE/plugins/com.st.stm32cube.ide.mcu.externaltools.gnu-tools-for-stm32.12.3.rel1.win32_1.0.100.202403111256/tools/bin/../lib/gcc/arm-none-eabi/12.3.1/../../../../arm-none-eabi/lib/thumb/v7e-m+fp/hard/crt0.o (memset)
C:/ST/STM32CubeIDE_1.15.1/STM32CubeIDE/plugins/com.st.stm32cube.ide.mcu.externaltools.gnu-tools-for-stm32.12.3.rel1.win32_1.0.100.202403111256/tools/bin/../lib/gcc/arm-none-eabi/12.3.1/../../../../arm-none-eabi/lib/thumb/v7e-m+fp/hard\libc_nano.a(libc_a-closer.o)
                              C:/ST/STM32CubeIDE_1.15.1/STM32CubeIDE/plugins/com.st.stm32cube.ide.mcu.externaltools.gnu-tools-for-stm32.12.3.rel1.win32_1.0.100.202403111256/tools/bin/../lib/gcc/arm-none-eabi/12.3.1/../../../../arm-none-eabi/lib/thumb/v7e-m+fp/hard\libc_nano.a(libc_a-stdio.o) (_close_r)
C:/ST/STM32CubeIDE_1.15.1/STM32CubeIDE/plugins/com.st.stm32cube.ide.mcu.externaltools.gnu-tools-for-stm32.12.3.rel1.win32_1.0.100.202403111256/tools/bin/../lib/gcc/arm-none-eabi/12.3.1/../../../../arm-none-eabi/lib/thumb/v7e-m+fp/hard\libc_nano.a(libc_a-reent.o)
                              C:/ST/STM32CubeIDE_1.15.1/STM32CubeIDE/plugins/com.st.stm32cube.ide.mcu.externaltools.gnu-tools-for-stm32.12.3.rel1.win32_1.0.100.202403111256/tools/bin/../lib/gcc/arm-none-eabi/12.3.1/../../../../arm-none-eabi/lib/thumb/v7e-m+fp/hard\libc_nano.a(libc_a-closer.o) (errno)
C:/ST/STM32CubeIDE_1.15.1/STM32CubeIDE/plugins/com.st.stm32cube.ide.mcu.externaltools.gnu-tools-for-stm32.12.3.rel1.win32_1.0.100.202403111256/tools/bin/../lib/gcc/arm-none-eabi/12.3.1/../../../../arm-none-eabi/lib/thumb/v7e-m+fp/hard\libc_nano.a(libc_a-impure.o)
                              C:/ST/STM32CubeIDE_1.15.1/STM32CubeIDE/plugins/com.st.stm32cube.ide.mcu.externaltools.gnu-tools-for-stm32.12.3.rel1.win32_1.0.100.202403111256/tools/bin/../lib/gcc/arm-none-eabi/12.3.1/../../../../arm-none-eabi/lib/thumb/v7e-m+fp/hard\libc_nano.a(libc_a-reent.o) (_impure_ptr)
C:/ST/STM32CubeIDE_1.15.1/STM32CubeIDE/plugins/com.st.stm32cube.ide.mcu.externaltools.gnu-tools-for-stm32.12.3.rel1.win32_1.0.100.202403111256/tools/bin/../lib/gcc/arm-none-eabi/12.3.1/../../../../arm-none-eabi/lib/thumb/v7e-m+fp/hard\libc_nano.a(libc_a-lseekr.o)
[...]
Memory Configuration

Name             Origin             Length             Attributes
CCMRAM           0x10000000         0x00010000         xrw
RAM              0x20000000         0x00020000         xrw
FLASH            0x08000000         0x00100000         xr
*default*        0x00000000         0xffffffff

Linker script and memory map

LOAD C:/ST/STM32CubeIDE_1.15.1/STM32CubeIDE/plugins/com.st.stm32cube.ide.mcu.externaltools.gnu-tools-for-stm32.12.3.rel1.win32_1.0.100.202403111256/tools/bin/../lib/gcc/arm-none-eabi/12.3.1/thumb/v7e-m+fp/hard/crti.o
LOAD C:/ST/STM32CubeIDE_1.15.1/STM32CubeIDE/plugins/com.st.stm32cube.ide.mcu.externaltools.gnu-tools-for-stm32.12.3.rel1.win32_1.0.100.202403111256/tools/bin/../lib/gcc/arm-none-eabi/12.3.1/thumb/v7e-m+fp/hard/crtbegin.o
LOAD C:/ST/STM32CubeIDE_1.15.1/STM32CubeIDE/plugins/com.st.stm32cube.ide.mcu.externaltools.gnu-tools-for-stm32.12.3.rel1.win32_1.0.100.202403111256/tools/bin/../lib/gcc/arm-none-eabi/12.3.1/../../../../arm-none-eabi/lib/thumb/v7e-m+fp/hard/crt0.o
LOAD ./Core/Src/display.o
LOAD ./Core/Src/fonts.o
LOAD ./Core/Src/main.o
LOAD ./Core/Src/st7789.o
LOAD ./Core/Src/stm32f4xx_hal_msp.o
LOAD ./Core/Src/stm32f4xx_hal_timebase_tim.o
LOAD ./Core/Src/stm32f4xx_it.o
LOAD ./Core/Src/syscalls.o
LOAD ./Core/Src/system_stm32f4xx.o
LOAD ./Core/Startup/startup_stm32f405rgtx.o
LOAD ./Drivers/STM32F4xx_HAL_Driver/Src/stm32f4xx_hal.o
LOAD ./Drivers/STM32F4xx_HAL_Driver/Src/stm32f4xx_hal_cortex.o
LOAD ./Drivers/STM32F4xx_HAL_Driver/Src/stm32f4xx_hal_dma.o
LOAD ./Drivers/STM32F4xx_HAL_Driver/Src/stm32f4xx_hal_dma_ex.o
LOAD ./Drivers/STM32F4xx_HAL_Driver/Src/stm32f4xx_hal_exti.o
LOAD ./Drivers/STM32F4xx_HAL_Driver/Src/stm32f4xx_hal_flash.o
LOAD ./Drivers/STM32F4xx_HAL_Driver/Src/stm32f4xx_hal_flash_ex.o
LOAD ./Drivers/STM32F4xx_HAL_Driver/Src/stm32f4xx_hal_flash_ramfunc.o
LOAD ./Drivers/STM32F4xx_HAL_Driver/Src/stm32f4xx_hal_gpio.o
LOAD ./Drivers/STM32F4xx_HAL_Driver/Src/stm32f4xx_hal_pwr.o
LOAD ./Drivers/STM32F4xx_HAL_Driver/Src/stm32f4xx_hal_pwr_ex.o
LOAD ./Drivers/STM32F4xx_HAL_Driver/Src/stm32f4xx_hal_rcc.o
LOAD ./Drivers/STM32F4xx_HAL_Driver/Src/stm32f4xx_hal_rcc_ex.o
LOAD ./Drivers/STM32F4xx_HAL_Driver/Src/stm32f4xx_hal_spi.o
LOAD ./Drivers/STM32F4xx_HAL_Driver/Src/stm32f4xx_hal_tim.o
LOAD ./Drivers/STM32F4xx_HAL_Driver/Src/stm32f4xx_hal_tim_ex.o
LOAD ./Drivers/STM32F4xx_HAL_Driver/Src/stm32f4xx_hal_uart.o
LOAD ./ThirdParty/FreeRTOS/croutine.o
LOAD ./ThirdParty/FreeRTOS/event_groups.o
LOAD ./ThirdParty/FreeRTOS/list.o
LOAD ./ThirdParty/FreeRTOS/queue.o
LOAD ./ThirdParty/FreeRTOS/stream_buffer.o
LOAD ./ThirdParty/FreeRTOS/tasks.o
LOAD ./ThirdParty/FreeRTOS/timers.o
LOAD ./ThirdParty/FreeRTOS/portable/GCC/ARM_CM4F/port.o
LOAD ./ThirdParty/FreeRTOS/portable/MemMang/heap_4.o
START GROUP
LOAD C:/ST/STM32CubeIDE_1.15.1/STM32CubeIDE/plugins/com.st.stm32cube.ide.mcu.externaltools.gnu-tools-for-stm32.12.3.rel1.win32_1.0.100.202403111256/tools/bin/../lib/gcc/arm-none-eabi/12.3.1/../../../../arm-none-eabi/lib/thumb/v7e-m+fp/hard\libc_nano.a
LOAD C:/ST/STM32CubeIDE_1.15.1/STM32CubeIDE/plugins/com.st.stm32cube.ide.mcu.externaltools.gnu-tools-for-stm32.12.3.rel1.win32_1.0.100.202403111256/tools/bin/../lib/gcc/arm-none-eabi/12.3.1/../../../../arm-none-eabi/lib/thumb/v7e-m+fp/hard\libm.a
END GROUP
START GROUP
LOAD C:/ST/STM32CubeIDE_1.15.1/STM32CubeIDE/plugins/com.st.stm32cube.ide.mcu.externaltools.gnu-tools-for-stm32.12.3.rel1.win32_1.0.100.202403111256/tools/bin/../lib/gcc/arm-none-eabi/12.3.1/thumb/v7e-m+fp/hard\libgcc.a
LOAD C:/ST/STM32CubeIDE_1.15.1/STM32CubeIDE/plugins/com.st.stm32cube.ide.mcu.externaltools.gnu-tools-for-stm32.12.3.rel1.win32_1.0.100.202403111256/tools/bin/../lib/gcc/arm-none-eabi/12.3.1/../../../../arm-none-eabi/lib/thumb/v7e-m+fp/hard\libc_nano.a
END GROUP
START GROUP
LOAD C:/ST/STM32CubeIDE_1.15.1/STM32CubeIDE/plugins/com.st.stm32cube.ide.mcu.externaltools.gnu-tools-for-stm32.12.3.rel1.win32_1.0.100.202403111256/tools/bin/../lib/gcc/arm-none-eabi/12.3.1/thumb/v7e-m+fp/hard\libgcc.a
LOAD C:/ST/STM32CubeIDE_1.15.1/STM32CubeIDE/plugins/com.st.stm32cube.ide.mcu.externaltools.gnu-tools-for-stm32.12.3.rel1.win32_1.0.100.202403111256/tools/bin/../lib/gcc/arm-none-eabi/12.3.1/../../../../arm-none-eabi/lib/thumb/v7e-m+fp/hard\libc_nano.a
LOAD C:/ST/STM32CubeIDE_1.15.1/STM32CubeIDE/plugins/com.st.stm32cube.ide.mcu.externaltools.gnu-tools-for-stm32.12.3.rel1.win32_1.0.100.202403111256/tools/bin/../lib/gcc/arm-none-eabi/12.3.1/../../../../arm-none-eabi/lib/thumb/v7e-m+fp/hard\libnosys.a
END GROUP
START GROUP
LOAD C:/ST/STM32CubeIDE_1.15.1/STM32CubeIDE/plugins/com.st.stm32cube.ide.mcu.externaltools.gnu-tools-for-stm32.12.3.rel1.win32_1.0.100.202403111256/tools/bin/../lib/gcc/arm-none-eabi/12.3.1/thumb/v7e-m+fp/hard\libgcc.a
LOAD C:/ST/STM32CubeIDE_1.15.1/STM32CubeIDE/plugins/com.st.stm32cube.ide.mcu.externaltools.gnu-tools-for-stm32.12.3.rel1.win32_1.0.100.202403111256/tools/bin/../lib/gcc/arm-none-eabi/12.3.1/../../../../arm-none-eabi/lib/thumb/v7e-m+fp/hard\libc_nano.a
LOAD C:/ST/STM32CubeIDE_1.15.1/STM32CubeIDE/plugins/com.st.stm32cube.ide.mcu.externaltools.gnu-tools-for-stm32.12.3.rel1.win32_1.0.100.202403111256/tools/bin/../lib/gcc/arm-none-eabi/12.3.1/../../../../arm-none-eabi/lib/thumb/v7e-m+fp/hard\libnosys.a
END GROUP
LOAD C:/ST/STM32CubeIDE_1.15.1/STM32CubeIDE/plugins/com.st.stm32cube.ide.mcu.externaltools.gnu-tools-for-stm32.12.3.rel1.win32_1.0.100.202403111256/tools/bin/../lib/gcc/arm-none-eabi/12.3.1/thumb/v7e-m+fp/hard/crtend.o
LOAD C:/ST/STM32CubeIDE_1.15.1/STM32CubeIDE/plugins/com.st.stm32cube.ide.mcu.externaltools.gnu-tools-for-stm32.12.3.rel1.win32_1.0.100.202403111256/tools/bin/../lib/gcc/arm-none-eabi/12.3.1/thumb/v7e-m+fp/hard/crtn.o
                0x20020000                        _estack = (ORIGIN (RAM) + LENGTH (RAM))
                0x00000200                        _Min_Heap_Size = 0x200
                0x00000400                        _Min_Stack_Size = 0x400

.isr_vector     0x08000000      0x188
                0x08000000                        . = ALIGN (0x4)
 *(.isr_vector)
 .isr_vector    0x08000000      0x188 ./Core/Startup/startup_stm32f405rgtx.o
                0x08000000                g_pfnVectors
                0x08000188                        . = ALIGN (0x4)

.text           0x08000190     0x6560
                0x08000190                        . = ALIGN (0x4)
 *(.text)
 .text          0x08000190       0x40 C:/ST/STM32CubeIDE_1.15.1/STM32CubeIDE/plugins/com.st.stm32cube.ide.mcu.externaltools.gnu-tools-for-stm32.12.3.rel1.win32_1.0.100.202403111256/tools/bin/../lib/gcc/arm-none-eabi/12.3.1/thumb/v7e-m+fp/hard/crtbegin.o
 .text          0x080001d0       0x30 C:/ST/STM32CubeIDE_1.15.1/STM32CubeIDE/plugins/com.st.stm32cube.ide.mcu.externaltools.gnu-tools-for-stm32.12.3.rel1.win32_1.0.100.202403111256/tools/bin/../lib/gcc/arm-none-eabi/12.3.1/thumb/v7e-m+fp/hard\libgcc.a(_aeabi_uldivmod.o)
                0x080001d0                __aeabi_uldivmod
 .text          0x08000200      0x2bc C:/ST/STM32CubeIDE_1.15.1/STM32CubeIDE/plugins/com.st.stm32cube.ide.mcu.externaltools.gnu-tools-for-stm32.12.3.rel1.win32_1.0.100.202403111256/tools/bin/../lib/gcc/arm-none-eabi/12.3.1/thumb/v7e-m+fp/hard\libgcc.a(_udivmoddi4.o)
                0x08000200                __udivmoddi4
 .text          0x080004bc        0x4 C:/ST/STM32CubeIDE_1.15.1/STM32CubeIDE/plugins/com.st.stm32cube.ide.mcu.externaltools.gnu-tools-for-stm32.12.3.rel1.win32_1.0.100.202403111256/tools/bin/../lib/gcc/arm-none-eabi/12.3.1/thumb/v7e-m+fp/hard\libgcc.a(_dvmd_tls.o)
                0x080004bc                __aeabi_idiv0
                0x080004bc                __aeabi_ldiv0
 *(.text*)
 .text.display_init
                0x080004c0       0x1c ./Core/Src/display.o
                0x080004c0                display_init
 .text.display_text
                0x080004dc       0x84 ./Core/Src/display.o
                0x080004dc                display_text
 .text.display_clear
                0x08000560       0x10 ./Core/Src/display.o
                0x08000560                display_clear
 .text.main     0x08000570       0xe4 ./Core/Src/main.o
                0x08000570                main
 .text.SystemClock_Config
                0x08000654       0xbc ./Core/Src/main.o
                0x08000654                SystemClock_Config
 .text.MX_SPI1_Init
                0x08000710       0x6c ./Core/Src/main.o
 .text.MX_USART1_UART_Init
                0x0800077c       0x54 ./Core/Src/main.o
 .text.MX_GPIO_Init
                0x080007d0       0x88 ./Core/Src/main.o
 .text.HAL_UARTEx_RxEventCallback
                0x08000858       0x4c ./Core/Src/main.o
                0x08000858                HAL_UARTEx_RxEventCallback
 .text.LED_Blinking_Task
                0x080008a4       0x20 ./Core/Src/main.o
 .text.UART_Receive_Task
                0x080008c4       0x20 ./Core/Src/main.o
 .text.LCD_Display_Task
                0x080008e4       0x3c ./Core/Src/main.o
 .text.HAL_TIM_PeriodElapsedCallback
                0x08000920       0x24 ./Core/Src/main.o
                0x08000920                HAL_TIM_PeriodElapsedCallback
 .text.Error_Handler
                0x08000944        0xc ./Core/Src/main.o
                0x08000944                Error_Handler
 .text.ST7789_WriteCommand
                0x08000950       0x48 ./Core/Src/st7789.o
 .text.ST7789_WriteData
                0x08000998       0x70 ./Core/Src/st7789.o
 .text.ST7789_WriteSmallData
                0x08000a08       0x48 ./Core/Src/st7789.o
 .text.ST7789_SetRotation
                0x08000a50       0x58 ./Core/Src/st7789.o
                0x08000a50                ST7789_SetRotation
 .text.ST7789_SetAddressWindow
                0x08000aa8       0xb8 ./Core/Src/st7789.o
 .text.ST7789_Init
                0x08000b60      0x13c ./Core/Src/st7789.o
                0x08000b60                ST7789_Init
 .text.ST7789_Fill_Color
                0x08000c9c       0x7c ./Core/Src/st7789.o
                0x08000c9c                ST7789_Fill_Color
 .text.ST7789_WriteChar
                0x08000d18       0xfc ./Core/Src/st7789.o
                0x08000d18                ST7789_WriteChar
 .text.HAL_MspInit
                0x08000e14       0x50 ./Core/Src/stm32f4xx_hal_msp.o
                0x08000e14                HAL_MspInit
 .text.HAL_SPI_MspInit
                0x08000e64       0xd0 ./Core/Src/stm32f4xx_hal_msp.o
                0x08000e64                HAL_SPI_MspInit
 .text.HAL_UART_MspInit
                0x08000f34       0xa0 ./Core/Src/stm32f4xx_hal_msp.o
                0x08000f34                HAL_UART_MspInit
 .text.HAL_InitTick
                0x08000fd4       0xf8 ./Core/Src/stm32f4xx_hal_timebase_tim.o
                0x08000fd4                HAL_InitTick
 .text.NMI_Handler
                0x080010cc        0x8 ./Core/Src/stm32f4xx_it.o
                0x080010cc                NMI_Handler
 .text.HardFault_Handler
                0x080010d4        0x8 ./Core/Src/stm32f4xx_it.o
                0x080010d4                HardFault_Handler
 .text.MemManage_Handler
                0x080010dc        0x8 ./Core/Src/stm32f4xx_it.o
                0x080010dc                MemManage_Handler
 .text.BusFault_Handler
                0x080010e4        0x8 ./Core/Src/stm32f4xx_it.o
                0x080010e4                BusFault_Handler
 .text.UsageFault_Handler
                0x080010ec        0x8 ./Core/Src/stm32f4xx_it.o
                0x080010ec                UsageFault_Handler
 .text.DebugMon_Handler
                0x080010f4        0xe ./Core/Src/stm32f4xx_it.o
                0x080010f4                DebugMon_Handler
 *fill*         0x08001102        0x2 
 .text.USART1_IRQHandler
                0x08001104       0x14 ./Core/Src/stm32f4xx_it.o
                0x08001104                USART1_IRQHandler
 .text.TIM6_DAC_IRQHandler
                0x08001118       0x14 ./Core/Src/stm32f4xx_it.o
                0x08001118                TIM6_DAC_IRQHandler
 .text.SystemInit
                0x0800112c       0x24 ./Core/Src/system_stm32f4xx.o
                0x0800112c                SystemInit
 .text.Reset_Handler
                0x08001150       0x50 ./Core/Startup/startup_stm32f405rgtx.o
                0x08001150                Reset_Handler
 .text.Default_Handler
                0x080011a0        0x2 ./Core/Startup/startup_stm32f405rgtx.o
                0x080011a0                RTC_Alarm_IRQHandler
                0x080011a0                HASH_RNG_IRQHandler
                0x080011a0                EXTI2_IRQHandler
                0x080011a0                TIM8_CC_IRQHandler
                0x080011a0                TIM1_CC_IRQHandler
                0x080011a0                DMA2_Stream5_IRQHandler
                0x080011a0                DMA1_Stream5_IRQHandler
                0x080011a0                PVD_IRQHandler
                0x080011a0                SDIO_IRQHandler
                0x080011a0                TAMP_STAMP_IRQHandler
                0x080011a0                CAN2_RX1_IRQHandler
                0x080011a0                EXTI3_IRQHandler
                0x080011a0                TIM8_TRG_COM_TIM14_IRQHandler
                0x080011a0                TIM1_UP_TIM10_IRQHandler
                0x080011a0                TIM8_UP_TIM13_IRQHandler
                0x080011a0                I2C3_ER_IRQHandler
                0x080011a0                EXTI0_IRQHandler
                0x080011a0                I2C2_EV_IRQHandler
                0x080011a0                DMA1_Stream2_IRQHandler
                0x080011a0                CAN1_RX0_IRQHandler
                0x080011a0                FPU_IRQHandler
                0x080011a0                OTG_HS_WKUP_IRQHandler
                0x080011a0                CAN2_SCE_IRQHandler
                0x080011a0                DMA2_Stream2_IRQHandler
                0x080011a0                SPI1_IRQHandler
                0x080011a0                TIM1_BRK_TIM9_IRQHandler
                0x080011a0                CAN2_RX0_IRQHandler
                0x080011a0                DMA2_Stream3_IRQHandler
                0x080011a0                USART6_IRQHandler
                0x080011a0                USART3_IRQHandler
                0x080011a0                CAN1_RX1_IRQHandler
                0x080011a0                UART5_IRQHandler
                0x080011a0                DMA2_Stream0_IRQHandler
                0x080011a0                TIM4_IRQHandler
                0x080011a0                I2C1_EV_IRQHandler
                0x080011a0                DMA1_Stream6_IRQHandler
                0x080011a0                DMA1_Stream1_IRQHandler
                0x080011a0                UART4_IRQHandler
                0x080011a0                TIM3_IRQHandler
                0x080011a0                RCC_IRQHandler
                0x080011a0                TIM8_BRK_TIM12_IRQHandler
                0x080011a0                Default_Handler
                0x080011a0                EXTI15_10_IRQHandler
                0x080011a0                ADC_IRQHandler
                0x080011a0                DMA1_Stream7_IRQHandler
                0x080011a0                TIM7_IRQHandler
                0x080011a0                CAN2_TX_IRQHandler
                0x080011a0                TIM5_IRQHandler
                0x080011a0                DMA2_Stream7_IRQHandler
                0x080011a0                I2C3_EV_IRQHandler
                0x080011a0                EXTI9_5_IRQHandler
                0x080011a0                RTC_WKUP_IRQHandler
                0x080011a0                SPI2_IRQHandler
                0x080011a0                OTG_HS_EP1_IN_IRQHandler
                0x080011a0                DMA1_Stream0_IRQHandler
                0x080011a0                CAN1_TX_IRQHandler
                0x080011a0                EXTI4_IRQHandler
                0x080011a0                FSMC_IRQHandler
                0x080011a0                OTG_HS_EP1_OUT_IRQHandler
                0x080011a0                WWDG_IRQHandler
                0x080011a0                TIM2_IRQHandler
                0x080011a0                OTG_FS_WKUP_IRQHandler
                0x080011a0                TIM1_TRG_COM_TIM11_IRQHandler
                0x080011a0                OTG_HS_IRQHandler
                0x080011a0                EXTI1_IRQHandler
                0x080011a0                USART2_IRQHandler
                0x080011a0                I2C2_ER_IRQHandler
                0x080011a0                DMA2_Stream1_IRQHandler
                0x080011a0                CAN1_SCE_IRQHandler
                0x080011a0                FLASH_IRQHandler
                0x080011a0                DMA2_Stream4_IRQHandler
                0x080011a0                OTG_FS_IRQHandler
                0x080011a0                SPI3_IRQHandler
                0x080011a0                DMA1_Stream4_IRQHandler
                0x080011a0                I2C1_ER_IRQHandler
                0x080011a0                DMA2_Stream6_IRQHandler
                0x080011a0                DMA1_Stream3_IRQHandler
 *fill*         0x080011a2        0x2 
 .text.HAL_Init
                0x080011a4       0x44 ./Drivers/STM32F4xx_HAL_Driver/Src/stm32f4xx_hal.o
                0x080011a4                HAL_Init
 .text.HAL_IncTick
                0x080011e8       0x28 ./Drivers/STM32F4xx_HAL_Driver/Src/stm32f4xx_hal.o
                0x080011e8                HAL_IncTick
 .text.HAL_GetTick
                0x08001210       0x18 ./Drivers/STM32F4xx_HAL_Driver/Src/stm32f4xx_hal.o
                0x08001210                HAL_GetTick
 .text.HAL_Delay
                0x08001228       0x48 ./Drivers/STM32F4xx_HAL_Driver/Src/stm32f4xx_hal.o
                0x08001228                HAL_Delay
 .text.__NVIC_SetPriorityGrouping
                0x08001270       0x48 ./Drivers/STM32F4xx_HAL_Driver/Src/stm32f4xx_hal_cortex.o
 .text.__NVIC_GetPriorityGrouping
                0x080012b8       0x1c ./Drivers/STM32F4xx_HAL_Driver/Src/stm32f4xx_hal_cortex.o
 .text.__NVIC_EnableIRQ
                0x080012d4       0x3c ./Drivers/STM32F4xx_HAL_Driver/Src/stm32f4xx_hal_cortex.o
 .text.__NVIC_SetPriority
                0x08001310       0x54 ./Drivers/STM32F4xx_HAL_Driver/Src/stm32f4xx_hal_cortex.o
 .text.NVIC_EncodePriority
                0x08001364       0x66 ./Drivers/STM32F4xx_HAL_Driver/Src/stm32f4xx_hal_cortex.o
 .text.HAL_NVIC_SetPriorityGrouping
                0x080013ca       0x16 ./Drivers/STM32F4xx_HAL_Driver/Src/stm32f4xx_hal_cortex.o
                0x080013ca                HAL_NVIC_SetPriorityGrouping
 .text.HAL_NVIC_SetPriority
                0x080013e0       0x38 ./Drivers/STM32F4xx_HAL_Driver/Src/stm32f4xx_hal_cortex.o
                0x080013e0                HAL_NVIC_SetPriority
 .text.HAL_NVIC_EnableIRQ
                0x08001418       0x1c ./Drivers/STM32F4xx_HAL_Driver/Src/stm32f4xx_hal_cortex.o
                0x08001418                HAL_NVIC_EnableIRQ
 .text.HAL_DMA_Abort
                0x08001434       0xe0 ./Drivers/STM32F4xx_HAL_Driver/Src/stm32f4xx_hal_dma.o
                0x08001434                HAL_DMA_Abort
 .text.HAL_DMA_Abort_IT
                0x08001514       0x44 ./Drivers/STM32F4xx_HAL_Driver/Src/stm32f4xx_hal_dma.o
                0x08001514                HAL_DMA_Abort_IT
 .text.HAL_GPIO_Init
                0x08001558      0x338 ./Drivers/STM32F4xx_HAL_Driver/Src/stm32f4xx_hal_gpio.o
                0x08001558                HAL_GPIO_Init
 .text.HAL_GPIO_WritePin
                0x08001890       0x32 ./Drivers/STM32F4xx_HAL_Driver/Src/stm32f4xx_hal_gpio.o
                0x08001890                HAL_GPIO_WritePin
 .text.HAL_GPIO_TogglePin
                0x080018c2       0x34 ./Drivers/STM32F4xx_HAL_Driver/Src/stm32f4xx_hal_gpio.o
                0x080018c2                HAL_GPIO_TogglePin
 *fill*         0x080018f6        0x2 
 .text.HAL_RCC_OscConfig
                0x080018f8      0x4f0 ./Drivers/STM32F4xx_HAL_Driver/Src/stm32f4xx_hal_rcc.o
                0x080018f8                HAL_RCC_OscConfig
 .text.HAL_RCC_ClockConfig
                0x08001de8      0x1cc ./Drivers/STM32F4xx_HAL_Driver/Src/stm32f4xx_hal_rcc.o
                0x08001de8                HAL_RCC_ClockConfig
 .text.HAL_RCC_GetSysClockFreq
                0x08001fb4      0x18c ./Drivers/STM32F4xx_HAL_Driver/Src/stm32f4xx_hal_rcc.o
                0x08001fb4                HAL_RCC_GetSysClockFreq
 .text.HAL_RCC_GetHCLKFreq
                0x08002140       0x18 ./Drivers/STM32F4xx_HAL_Driver/Src/stm32f4xx_hal_rcc.o
                0x08002140                HAL_RCC_GetHCLKFreq
 .text.HAL_RCC_GetPCLK1Freq
                0x08002158       0x28 ./Drivers/STM32F4xx_HAL_Driver/Src/stm32f4xx_hal_rcc.o
                0x08002158                HAL_RCC_GetPCLK1Freq
 .text.HAL_RCC_GetPCLK2Freq
                0x08002180       0x28 ./Drivers/STM32F4xx_HAL_Driver/Src/stm32f4xx_hal_rcc.o
                0x08002180                HAL_RCC_GetPCLK2Freq
 .text.HAL_RCC_GetClockConfig
                0x080021a8       0x64 ./Drivers/STM32F4xx_HAL_Driver/Src/stm32f4xx_hal_rcc.o
                0x080021a8                HAL_RCC_GetClockConfig
 .text.HAL_SPI_Init
                0x0800220c      0x112 ./Drivers/STM32F4xx_HAL_Driver/Src/stm32f4xx_hal_spi.o
                0x0800220c                HAL_SPI_Init
 .text.HAL_SPI_Transmit
                0x0800231e      0x288 ./Drivers/STM32F4xx_HAL_Driver/Src/stm32f4xx_hal_spi.o
                0x0800231e                HAL_SPI_Transmit
 *fill*         0x080025a6        0x2 
 .text.SPI_WaitFlagStateUntilTimeout
                0x080025a8      0x110 ./Drivers/STM32F4xx_HAL_Driver/Src/stm32f4xx_hal_spi.o
 .text.SPI_EndRxTxTransaction
                0x080026b8       0xa8 ./Drivers/STM32F4xx_HAL_Driver/Src/stm32f4xx_hal_spi.o
 .text.HAL_TIM_Base_Init
                0x08002760       0x9e ./Drivers/STM32F4xx_HAL_Driver/Src/stm32f4xx_hal_tim.o
                0x08002760                HAL_TIM_Base_Init
 .text.HAL_TIM_Base_MspInit
                0x080027fe       0x14 ./Drivers/STM32F4xx_HAL_Driver/Src/stm32f4xx_hal_tim.o
                0x080027fe                HAL_TIM_Base_MspInit
 *fill*         0x08002812        0x2 
 .text.HAL_TIM_Base_Start_IT
                0x08002814       0xe0 ./Drivers/STM32F4xx_HAL_Driver/Src/stm32f4xx_hal_tim.o
                0x08002814                HAL_TIM_Base_Start_IT
 .text.HAL_TIM_IRQHandler
                0x080028f4      0x1e0 ./Drivers/STM32F4xx_HAL_Driver/Src/stm32f4xx_hal_tim.o
                0x080028f4                HAL_TIM_IRQHandler
 .text.HAL_TIM_OC_DelayElapsedCallback
                0x08002ad4       0x14 ./Drivers/STM32F4xx_HAL_Driver/Src/stm32f4xx_hal_tim.o
                0x08002ad4                HAL_TIM_OC_DelayElapsedCallback
 .text.HAL_TIM_IC_CaptureCallback
                0x08002ae8       0x14 ./Drivers/STM32F4xx_HAL_Driver/Src/stm32f4xx_hal_tim.o
                0x08002ae8                HAL_TIM_IC_CaptureCallback
 .text.HAL_TIM_PWM_PulseFinishedCallback
                0x08002afc       0x14 ./Drivers/STM32F4xx_HAL_Driver/Src/stm32f4xx_hal_tim.o
                0x08002afc                HAL_TIM_PWM_PulseFinishedCallback
 .text.HAL_TIM_TriggerCallback
                0x08002b10       0x14 ./Drivers/STM32F4xx_HAL_Driver/Src/stm32f4xx_hal_tim.o
                0x08002b10                HAL_TIM_TriggerCallback
 .text.TIM_Base_SetConfig
                0x08002b24      0x158 ./Drivers/STM32F4xx_HAL_Driver/Src/stm32f4xx_hal_tim.o
                0x08002b24                TIM_Base_SetConfig
 .text.HAL_TIMEx_CommutCallback
                0x08002c7c       0x14 ./Drivers/STM32F4xx_HAL_Driver/Src/stm32f4xx_hal_tim_ex.o
                0x08002c7c                HAL_TIMEx_CommutCallback
 .text.HAL_TIMEx_BreakCallback
                0x08002c90       0x14 ./Drivers/STM32F4xx_HAL_Driver/Src/stm32f4xx_hal_tim_ex.o
                0x08002c90                HAL_TIMEx_BreakCallback
 .text.HAL_UART_Init
                0x08002ca4       0xa0 ./Drivers/STM32F4xx_HAL_Driver/Src/stm32f4xx_hal_uart.o
                0x08002ca4                HAL_UART_Init
 .text.HAL_UARTEx_ReceiveToIdle_IT
                0x08002d44       0xba ./Drivers/STM32F4xx_HAL_Driver/Src/stm32f4xx_hal_uart.o
                0x08002d44                HAL_UARTEx_ReceiveToIdle_IT
 *fill*         0x08002dfe        0x2 
 .text.HAL_UART_IRQHandler
                0x08002e00      0x524 ./Drivers/STM32F4xx_HAL_Driver/Src/stm32f4xx_hal_uart.o
                0x08002e00                HAL_UART_IRQHandler
 .text.HAL_UART_TxCpltCallback
                0x08003324       0x14 ./Drivers/STM32F4xx_HAL_Driver/Src/stm32f4xx_hal_uart.o
                0x08003324                HAL_UART_TxCpltCallback
 .text.HAL_UART_RxCpltCallback
                0x08003338       0x14 ./Drivers/STM32F4xx_HAL_Driver/Src/stm32f4xx_hal_uart.o
                0x08003338                HAL_UART_RxCpltCallback
 .text.HAL_UART_ErrorCallback
                0x0800334c       0x14 ./Drivers/STM32F4xx_HAL_Driver/Src/stm32f4xx_hal_uart.o
                0x0800334c                HAL_UART_ErrorCallback
 .text.UART_Start_Receive_IT
                0x08003360       0x74 ./Drivers/STM32F4xx_HAL_Driver/Src/stm32f4xx_hal_uart.o
                0x08003360                UART_Start_Receive_IT
 .text.UART_EndRxTransfer
                0x080033d4       0xc6 ./Drivers/STM32F4xx_HAL_Driver/Src/stm32f4xx_hal_uart.o
 .text.UART_DMAAbortOnError
                0x0800349a       0x28 ./Drivers/STM32F4xx_HAL_Driver/Src/stm32f4xx_hal_uart.o
 .text.UART_Transmit_IT
                0x080034c2       0xa0 ./Drivers/STM32F4xx_HAL_Driver/Src/stm32f4xx_hal_uart.o
 .text.UART_EndTransmit_IT
                0x08003562       0x30 ./Drivers/STM32F4xx_HAL_Driver/Src/stm32f4xx_hal_uart.o
 .text.UART_Receive_IT
                0x08003592      0x17c ./Drivers/STM32F4xx_HAL_Driver/Src/stm32f4xx_hal_uart.o
 *fill*         0x0800370e        0x2 
 .text.UART_SetConfig
                0x08003710      0x4e8 ./Drivers/STM32F4xx_HAL_Driver/Src/stm32f4xx_hal_uart.o
 .text.vListInitialise
                0x08003bf8       0x40 ./ThirdParty/FreeRTOS/list.o
                0x08003bf8                vListInitialise
 .text.vListInitialiseItem
                0x08003c38       0x1a ./ThirdParty/FreeRTOS/list.o
                0x08003c38                vListInitialiseItem
 .text.vListInsertEnd
                0x08003c52       0x48 ./ThirdParty/FreeRTOS/list.o
                0x08003c52                vListInsertEnd
 .text.vListInsert
                0x08003c9a       0x72 ./ThirdParty/FreeRTOS/list.o
                0x08003c9a                vListInsert
 .text.uxListRemove
                0x08003d0c       0x54 ./ThirdParty/FreeRTOS/list.o
                0x08003d0c                uxListRemove
 .text.xQueueGenericReset
                0x08003d60       0xd4 ./ThirdParty/FreeRTOS/queue.o
                0x08003d60                xQueueGenericReset
 .text.xQueueGenericCreate
                0x08003e34       0xc4 ./ThirdParty/FreeRTOS/queue.o
                0x08003e34                xQueueGenericCreate
 .text.prvInitialiseNewQueue
                0x08003ef8       0x46 ./ThirdParty/FreeRTOS/queue.o
 *fill*         0x08003f3e        0x2 
 .text.xQueueGenericSend
                0x08003f40      0x204 ./ThirdParty/FreeRTOS/queue.o
                0x08003f40                xQueueGenericSend
 .text.xQueueGenericSendFromISR
                0x08004144      0x15c ./ThirdParty/FreeRTOS/queue.o
                0x08004144                xQueueGenericSendFromISR
 .text.xQueueReceive
                0x080042a0      0x1c4 ./ThirdParty/FreeRTOS/queue.o
                0x080042a0                xQueueReceive
 .text.prvCopyDataToQueue
                0x08004464       0xd4 ./ThirdParty/FreeRTOS/queue.o
 .text.prvCopyDataFromQueue
                0x08004538       0x4c ./ThirdParty/FreeRTOS/queue.o
 .text.prvUnlockQueue
                0x08004584       0xa4 ./ThirdParty/FreeRTOS/queue.o
 .text.prvIsQueueEmpty
                0x08004628       0x2c ./ThirdParty/FreeRTOS/queue.o
 .text.prvIsQueueFull
                0x08004654       0x30 ./ThirdParty/FreeRTOS/queue.o
 .text.vQueueAddToRegistry
                0x08004684       0x54 ./ThirdParty/FreeRTOS/queue.o
                0x08004684                vQueueAddToRegistry
 .text.vQueueWaitForMessageRestricted
                0x080046d8       0x68 ./ThirdParty/FreeRTOS/queue.o
                0x080046d8                vQueueWaitForMessageRestricted
 .text.xTaskCreate
                0x08004740       0x82 ./ThirdParty/FreeRTOS/tasks.o
                0x08004740                xTaskCreate
 .text.prvInitialiseNewTask
                0x080047c2      0x12e ./ThirdParty/FreeRTOS/tasks.o
 .text.prvAddNewTaskToReadyList
                0x080048f0       0xdc ./ThirdParty/FreeRTOS/tasks.o
 .text.vTaskDelay
                0x080049cc       0x6c ./ThirdParty/FreeRTOS/tasks.o
                0x080049cc                vTaskDelay
 .text.vTaskStartScheduler
                0x08004a38       0xa4 ./ThirdParty/FreeRTOS/tasks.o
                0x08004a38                vTaskStartScheduler
 .text.vTaskSuspendAll
                0x08004adc       0x1c ./ThirdParty/FreeRTOS/tasks.o
                0x08004adc                vTaskSuspendAll
 .text.xTaskResumeAll
                0x08004af8      0x13c ./ThirdParty/FreeRTOS/tasks.o
                0x08004af8                xTaskResumeAll
 .text.xTaskGetTickCount
                0x08004c34       0x20 ./ThirdParty/FreeRTOS/tasks.o
                0x08004c34                xTaskGetTickCount
 .text.xTaskIncrementTick
                0x08004c54      0x174 ./ThirdParty/FreeRTOS/tasks.o
                0x08004c54                xTaskIncrementTick
 .text.vTaskSwitchContext
                0x08004dc8       0xb8 ./ThirdParty/FreeRTOS/tasks.o
                0x08004dc8                vTaskSwitchContext
 .text.vTaskPlaceOnEventList
                0x08004e80       0x4c ./ThirdParty/FreeRTOS/tasks.o
                0x08004e80                vTaskPlaceOnEventList
 .text.vTaskPlaceOnEventListRestricted
                0x08004ecc       0x58 ./ThirdParty/FreeRTOS/tasks.o
                0x08004ecc                vTaskPlaceOnEventListRestricted
 .text.xTaskRemoveFromEventList
                0x08004f24       0xc8 ./ThirdParty/FreeRTOS/tasks.o
                0x08004f24                xTaskRemoveFromEventList
 .text.vTaskInternalSetTimeOutState
                0x08004fec       0x2c ./ThirdParty/FreeRTOS/tasks.o
                0x08004fec                vTaskInternalSetTimeOutState
 .text.xTaskCheckForTimeOut
                0x08005018       0xd0 ./ThirdParty/FreeRTOS/tasks.o
                0x08005018                xTaskCheckForTimeOut
 .text.vTaskMissedYield
                0x080050e8       0x18 ./ThirdParty/FreeRTOS/tasks.o
                0x080050e8                vTaskMissedYield
 .text.prvIdleTask
                0x08005100       0x30 ./ThirdParty/FreeRTOS/tasks.o
 .text.prvInitialiseTaskLists
                0x08005130       0x80 ./ThirdParty/FreeRTOS/tasks.o
 .text.prvCheckTasksWaitingTermination
                0x080051b0       0x5c ./ThirdParty/FreeRTOS/tasks.o
 .text.prvDeleteTCB
                0x0800520c       0x20 ./ThirdParty/FreeRTOS/tasks.o
 .text.prvResetNextTaskUnblockTime
                0x0800522c       0x38 ./ThirdParty/FreeRTOS/tasks.o
 .text.xTaskGetSchedulerState
                0x08005264       0x3c ./ThirdParty/FreeRTOS/tasks.o
                0x08005264                xTaskGetSchedulerState
 .text.xTaskPriorityDisinherit
                0x080052a0       0xf8 ./ThirdParty/FreeRTOS/tasks.o
                0x080052a0                xTaskPriorityDisinherit
 .text.xTaskGenericNotifyWait
                0x08005398      0x100 ./ThirdParty/FreeRTOS/tasks.o
                0x08005398                xTaskGenericNotifyWait
 .text.xTaskGenericNotifyFromISR
                0x08005498      0x20c ./ThirdParty/FreeRTOS/tasks.o
                0x08005498                xTaskGenericNotifyFromISR
 .text.prvAddCurrentTaskToDelayedList
                0x080056a4       0xcc ./ThirdParty/FreeRTOS/tasks.o
 .text.xTimerCreateTimerTask
                0x08005770       0x68 ./ThirdParty/FreeRTOS/timers.o
                0x08005770                xTimerCreateTimerTask
 .text.xTimerGenericCommand
                0x080057d8       0x9c ./ThirdParty/FreeRTOS/timers.o
                0x080057d8                xTimerGenericCommand
 .text.prvProcessExpiredTimer
                0x08005874       0x9c ./ThirdParty/FreeRTOS/timers.o
 .text.prvTimerTask
                0x08005910       0x26 ./ThirdParty/FreeRTOS/timers.o
 *fill*         0x08005936        0x2 
 .text.prvProcessTimerOrBlockTask
                0x08005938       0x9c ./ThirdParty/FreeRTOS/timers.o
 .text.prvGetNextExpireTime
                0x080059d4       0x48 ./ThirdParty/FreeRTOS/timers.o
 .text.prvSampleTimeNow
                0x08005a1c       0x40 ./ThirdParty/FreeRTOS/timers.o
 .text.prvInsertTimerInActiveList
                0x08005a5c       0x84 ./ThirdParty/FreeRTOS/timers.o
 .text.prvProcessReceivedCommands
                0x08005ae0      0x194 ./ThirdParty/FreeRTOS/timers.o
 .text.prvSwitchTimerLists
                0x08005c74       0xcc ./ThirdParty/FreeRTOS/timers.o
 .text.prvCheckForValidListAndQueue
                0x08005d40       0x6c ./ThirdParty/FreeRTOS/timers.o
 .text.pxPortInitialiseStack
                0x08005dac       0x68 ./ThirdParty/FreeRTOS/portable/GCC/ARM_CM4F/port.o
                0x08005dac                pxPortInitialiseStack
 .text.prvTaskExitError
                0x08005e14       0x5c ./ThirdParty/FreeRTOS/portable/GCC/ARM_CM4F/port.o
 .text.SVC_Handler
                0x08005e70       0x28 ./ThirdParty/FreeRTOS/portable/GCC/ARM_CM4F/port.o
                0x08005e70                SVC_Handler
 .text.prvPortStartFirstTask
                0x08005e98       0x2c ./ThirdParty/FreeRTOS/portable/GCC/ARM_CM4F/port.o
 .text.xPortStartScheduler
                0x08005ec4      0x148 ./ThirdParty/FreeRTOS/portable/GCC/ARM_CM4F/port.o
                0x08005ec4                xPortStartScheduler
 .text.vPortEnterCritical
                0x0800600c       0x64 ./ThirdParty/FreeRTOS/portable/GCC/ARM_CM4F/port.o
                0x0800600c                vPortEnterCritical
 .text.vPortExitCritical
                0x08006070       0x54 ./ThirdParty/FreeRTOS/portable/GCC/ARM_CM4F/port.o
                0x08006070                vPortExitCritical
 *fill*         0x080060c4        0xc 
 .text.PendSV_Handler
                0x080060d0       0x68 ./ThirdParty/FreeRTOS/portable/GCC/ARM_CM4F/port.o
                0x080060d0                PendSV_Handler
 .text.SysTick_Handler
                0x08006138       0x44 ./ThirdParty/FreeRTOS/portable/GCC/ARM_CM4F/port.o
                0x08006138                SysTick_Handler
 .text.vPortSetupTimerInterrupt
                0x0800617c       0x48 ./ThirdParty/FreeRTOS/portable/GCC/ARM_CM4F/port.o
                0x0800617c                vPortSetupTimerInterrupt
 .text.vPortEnableVFP
                0x080061c4       0x18 ./ThirdParty/FreeRTOS/portable/GCC/ARM_CM4F/port.o
 .text.vPortValidateInterruptPriority
                0x080061dc       0x84 ./ThirdParty/FreeRTOS/portable/GCC/ARM_CM4F/port.o
                0x080061dc                vPortValidateInterruptPriority
 .text.pvPortMalloc
                0x08006260      0x1c4 ./ThirdParty/FreeRTOS/portable/MemMang/heap_4.o
                0x08006260                pvPortMalloc
 .text.vPortFree
                0x08006424       0xc8 ./ThirdParty/FreeRTOS/portable/MemMang/heap_4.o
                0x08006424                vPortFree
 .text.prvHeapInit
                0x080064ec       0xc4 ./ThirdParty/FreeRTOS/portable/MemMang/heap_4.o
 .text.prvInsertBlockIntoFreeList
                0x080065b0       0xb4 ./ThirdParty/FreeRTOS/portable/MemMang/heap_4.o
 .text.memset   0x08006664       0x10 C:/ST/STM32CubeIDE_1.15.1/STM32CubeIDE/plugins/com.st.stm32cube.ide.mcu.externaltools.gnu-tools-for-stm32.12.3.rel1.win32_1.0.100.202403111256/tools/bin/../lib/gcc/arm-none-eabi/12.3.1/../../../../arm-none-eabi/lib/thumb/v7e-m+fp/hard\libc_nano.a(libc_a-memset.o)
                0x08006664                memset
 .text.__libc_init_array
                0x08006674       0x48 C:/ST/STM32CubeIDE_1.15.1/STM32CubeIDE/plugins/com.st.stm32cube.ide.mcu.externaltools.gnu-tools-for-stm32.12.3.rel1.win32_1.0.100.202403111256/tools/bin/../lib/gcc/arm-none-eabi/12.3.1/../../../../arm-none-eabi/lib/thumb/v7e-m+fp/hard\libc_nano.a(libc_a-init.o)
                0x08006674                __libc_init_array
 .text.memcpy   0x080066bc       0x1c C:/ST/STM32CubeIDE_1.15.1/STM32CubeIDE/plugins/com.st.stm32cube.ide.mcu.externaltools.gnu-tools-for-stm32.12.3.rel1.win32_1.0.100.202403111256/tools/bin/../lib/gcc/arm-none-eabi/12.3.1/../../../../arm-none-eabi/lib/thumb/v7e-m+fp/hard\libc_nano.a(libc_a-memcpy-stub.o)
                0x080066bc                memcpy
 *(.glue_7)
 .glue_7        0x080066d8        0x0 linker stubs
 *(.glue_7t)
 .glue_7t       0x080066d8        0x0 linker stubs
 *(.eh_frame)
 .eh_frame      0x080066d8        0x0 C:/ST/STM32CubeIDE_1.15.1/STM32CubeIDE/plugins/com.st.stm32cube.ide.mcu.externaltools.gnu-tools-for-stm32.12.3.rel1.win32_1.0.100.202403111256/tools/bin/../lib/gcc/arm-none-eabi/12.3.1/thumb/v7e-m+fp/hard/crtbegin.o
 *(.init)
 .init          0x080066d8        0x4 C:/ST/STM32CubeIDE_1.15.1/STM32CubeIDE/plugins/com.st.stm32cube.ide.mcu.externaltools.gnu-tools-for-stm32.12.3.rel1.win32_1.0.100.202403111256/tools/bin/../lib/gcc/arm-none-eabi/12.3.1/thumb/v7e-m+fp/hard/crti.o
                0x080066d8                _init
 .init          0x080066dc        0x8 C:/ST/STM32CubeIDE_1.15.1/STM32CubeIDE/plugins/com.st.stm32cube.ide.mcu.externaltools.gnu-tools-for-stm32.12.3.rel1.win32_1.0.100.202403111256/tools/bin/../lib/gcc/arm-none-eabi/12.3.1/thumb/v7e-m+fp/hard/crtn.o
 *(.fini)
 .fini          0x080066e4        0x4 C:/ST/STM32CubeIDE_1.15.1/STM32CubeIDE/plugins/com.st.stm32cube.ide.mcu.externaltools.gnu-tools-for-stm32.12.3.rel1.win32_1.0.100.202403111256/tools/bin/../lib/gcc/arm-none-eabi/12.3.1/thumb/v7e-m+fp/hard/crti.o
                0x080066e4                _fini
 .fini          0x080066e8        0x8 C:/ST/STM32CubeIDE_1.15.1/STM32CubeIDE/plugins/com.st.stm32cube.ide.mcu.externaltools.gnu-tools-for-stm32.12.3.rel1.win32_1.0.100.202403111256/tools/bin/../lib/gcc/arm-none-eabi/12.3.1/thumb/v7e-m+fp/hard/crtn.o
                0x080066f0                        . = ALIGN (0x4)
                0x080066f0                        _etext = .

.vfp11_veneer   0x080066f0        0x0
 .vfp11_veneer  0x080066f0        0x0 linker stubs

.v4_bx          0x080066f0        0x0
 .v4_bx         0x080066f0        0x0 linker stubs

.iplt           0x080066f0        0x0
 .iplt          0x080066f0        0x0 C:/ST/STM32CubeIDE_1.15.1/STM32CubeIDE/plugins/com.st.stm32cube.ide.mcu.externaltools.gnu-tools-for-stm32.12.3.rel1.win32_1.0.100.202403111256/tools/bin/../lib/gcc/arm-none-eabi/12.3.1/thumb/v7e-m+fp/hard/crtbegin.o

.rodata         0x080066f0      0x7f4
                0x080066f0                        . = ALIGN (0x4)
 *(.rodata)
 .rodata        0x080066f0       0x2d ./Core/Src/main.o
 *fill*         0x0800671d        0x3 
 .rodata        0x08006720       0x26 ./Core/Src/st7789.o
 *fill*         0x08006746        0x2 
 .rodata        0x08006748        0x5 ./ThirdParty/FreeRTOS/tasks.o
 *fill*         0x0800674d        0x3 
 .rodata        0x08006750        0xd ./ThirdParty/FreeRTOS/timers.o
 *(.rodata*)
 *fill*         0x0800675d        0x3 
 .rodata.Font7x10
                0x08006760      0x76c ./Core/Src/fonts.o
 .rodata.AHBPrescTable
                0x08006ecc       0x10 ./Core/Src/system_stm32f4xx.o
                0x08006ecc                AHBPrescTable
 .rodata.APBPrescTable
                0x08006edc        0x8 ./Core/Src/system_stm32f4xx.o
                0x08006edc                APBPrescTable
                0x08006ee4                        . = ALIGN (0x4)

.ARM.extab      0x08006ee4        0x0
                0x08006ee4                        . = ALIGN (0x4)
 *(.ARM.extab* .gnu.linkonce.armextab.*)
                0x08006ee4                        . = ALIGN (0x4)

.ARM            0x08006ee4        0x8
                0x08006ee4                        . = ALIGN (0x4)
                0x08006ee4                        __exidx_start = .
 *(.ARM.exidx*)
 .ARM.exidx     0x08006ee4        0x8 C:/ST/STM32CubeIDE_1.15.1/STM32CubeIDE/plugins/com.st.stm32cube.ide.mcu.externaltools.gnu-tools-for-stm32.12.3.rel1.win32_1.0.100.202403111256/tools/bin/../lib/gcc/arm-none-eabi/12.3.1/thumb/v7e-m+fp/hard\libgcc.a(_udivmoddi4.o)
                0x08006eec                        __exidx_end = .
                0x08006eec                        . = ALIGN (0x4)

.preinit_array  0x08006eec        0x0
                0x08006eec                        . = ALIGN (0x4)
                0x08006eec                        PROVIDE (__preinit_array_start = .)
 *(.preinit_array*)
                0x08006eec                        PROVIDE (__preinit_array_end = .)
                0x08006eec                        . = ALIGN (0x4)

.init_array     0x08006eec        0x4
                0x08006eec                        . = ALIGN (0x4)
                0x08006eec                        PROVIDE (__init_array_start = .)
 *(SORT_BY_NAME(.init_array.*))
 *(.init_array*)
 .init_array    0x08006eec        0x4 C:/ST/STM32CubeIDE_1.15.1/STM32CubeIDE/plugins/com.st.stm32cube.ide.mcu.externaltools.gnu-tools-for-stm32.12.3.rel1.win32_1.0.100.202403111256/tools/bin/../lib/gcc/arm-none-eabi/12.3.1/thumb/v7e-m+fp/hard/crtbegin.o
                0x08006ef0                        PROVIDE (__init_array_end = .)
                0x08006ef0                        . = ALIGN (0x4)

.fini_array     0x08006ef0        0x4
                0x08006ef0                        . = ALIGN (0x4)
                [!provide]                        PROVIDE (__fini_array_start = .)
 *(SORT_BY_NAME(.fini_array.*))
 *(.fini_array*)
 .fini_array    0x08006ef0        0x4 C:/ST/STM32CubeIDE_1.15.1/STM32CubeIDE/plugins/com.st.stm32cube.ide.mcu.externaltools.gnu-tools-for-stm32.12.3.rel1.win32_1.0.100.202403111256/tools/bin/../lib/gcc/arm-none-eabi/12.3.1/thumb/v7e-m+fp/hard/crtbegin.o
                [!provide]                        PROVIDE (__fini_array_end = .)
                0x08006ef4                        . = ALIGN (0x4)
                0x08006ef4                        _sidata = LOADADDR (.data)

.rel.dyn        0x08006ef4        0x0
 .rel.iplt      0x08006ef4        0x0 C:/ST/STM32CubeIDE_1.15.1/STM32CubeIDE/plugins/com.st.stm32cube.ide.mcu.externaltools.gnu-tools-for-stm32.12.3.rel1.win32_1.0.100.202403111256/tools/bin/../lib/gcc/arm-none-eabi/12.3.1/thumb/v7e-m+fp/hard/crtbegin.o

.data           0x20000000       0x1c load address 0x08006ef4
                0x20000000                        . = ALIGN (0x4)
                0x20000000                        _sdata = .
 *(.data)
 *(.data*)
 .data.Font_7x10
                0x20000000        0x8 ./Core/Src/fonts.o
                0x20000000                Font_7x10
 .data.SystemCoreClock
                0x20000008        0x4 ./Core/Src/system_stm32f4xx.o
                0x20000008                SystemCoreClock
 .data.uwTickPrio
                0x2000000c        0x4 ./Drivers/STM32F4xx_HAL_Driver/Src/stm32f4xx_hal.o
                0x2000000c                uwTickPrio
 .data.uwTickFreq
                0x20000010        0x1 ./Drivers/STM32F4xx_HAL_Driver/Src/stm32f4xx_hal.o
                0x20000010                uwTickFreq
 *fill*         0x20000011        0x3 
 .data.uxTopUsedPriority
                0x20000014        0x4 ./ThirdParty/FreeRTOS/tasks.o
                0x20000014                uxTopUsedPriority
 .data.uxCriticalNesting
                0x20000018        0x4 ./ThirdParty/FreeRTOS/portable/GCC/ARM_CM4F/port.o
 *(.RamFunc)
 *(.RamFunc*)
                0x2000001c                        . = ALIGN (0x4)
                0x2000001c                        _edata = .
                0x08006f10                        _siccmram = LOADADDR (.ccmram)

.igot.plt       0x2000001c        0x0 load address 0x08006f10
 .igot.plt      0x2000001c        0x0 C:/ST/STM32CubeIDE_1.15.1/STM32CubeIDE/plugins/com.st.stm32cube.ide.mcu.externaltools.gnu-tools-for-stm32.12.3.rel1.win32_1.0.100.202403111256/tools/bin/../lib/gcc/arm-none-eabi/12.3.1/thumb/v7e-m+fp/hard/crtbegin.o

.ccmram         0x10000000        0x0 load address 0x08006f10
                0x10000000                        . = ALIGN (0x4)
                0x10000000                        _sccmram = .
 *(.ccmram)
 *(.ccmram*)
                0x10000000                        . = ALIGN (0x4)
                0x10000000                        _eccmram = .
                0x10000000                        . = ALIGN (0x4)

.bss            0x2000001c    0x12ee8
                0x2000001c                        _sbss = .
                0x2000001c                        __bss_start__ = _sbss
 *(.bss)
 .bss           0x2000001c       0x1c C:/ST/STM32CubeIDE_1.15.1/STM32CubeIDE/plugins/com.st.stm32cube.ide.mcu.externaltools.gnu-tools-for-stm32.12.3.rel1.win32_1.0.100.202403111256/tools/bin/../lib/gcc/arm-none-eabi/12.3.1/thumb/v7e-m+fp/hard/crtbegin.o
 *(.bss*)
 .bss.hspi1     0x20000038       0x58 ./Core/Src/main.o
                0x20000038                hspi1
 .bss.huart1    0x20000090       0x48 ./Core/Src/main.o
                0x20000090                huart1
 .bss.led_handle
                0x200000d8        0x4 ./Core/Src/main.o
                0x200000d8                led_handle
 .bss.uart_handle
                0x200000dc        0x4 ./Core/Src/main.o
                0x200000dc                uart_handle
 .bss.lcd_handle
                0x200000e0        0x4 ./Core/Src/main.o
                0x200000e0                lcd_handle
 .bss.UART1_RxBuffer
                0x200000e4       0x28 ./Core/Src/main.o
                0x200000e4                UART1_RxBuffer
 .bss.RxDataLen
                0x2000010c        0x2 ./Core/Src/main.o
                0x2000010c                RxDataLen
 *fill*         0x2000010e        0x2 
 .bss.htim6     0x20000110       0x48 ./Core/Src/stm32f4xx_hal_timebase_tim.o
                0x20000110                htim6
 .bss.uwTick    0x20000158        0x4 ./Drivers/STM32F4xx_HAL_Driver/Src/stm32f4xx_hal.o
                0x20000158                uwTick
 .bss.xQueueRegistry
                0x2000015c       0x40 ./ThirdParty/FreeRTOS/queue.o
                0x2000015c                xQueueRegistry
 .bss.pxCurrentTCB
                0x2000019c        0x4 ./ThirdParty/FreeRTOS/tasks.o
                0x2000019c                pxCurrentTCB
 .bss.pxReadyTasksLists
                0x200001a0       0x64 ./ThirdParty/FreeRTOS/tasks.o
 .bss.xDelayedTaskList1
                0x20000204       0x14 ./ThirdParty/FreeRTOS/tasks.o
 .bss.xDelayedTaskList2
                0x20000218       0x14 ./ThirdParty/FreeRTOS/tasks.o
 .bss.pxDelayedTaskList
                0x2000022c        0x4 ./ThirdParty/FreeRTOS/tasks.o
 .bss.pxOverflowDelayedTaskList
                0x20000230        0x4 ./ThirdParty/FreeRTOS/tasks.o
 .bss.xPendingReadyList
                0x20000234       0x14 ./ThirdParty/FreeRTOS/tasks.o
 .bss.xTasksWaitingTermination
                0x20000248       0x14 ./ThirdParty/FreeRTOS/tasks.o
 .bss.uxDeletedTasksWaitingCleanUp
                0x2000025c        0x4 ./ThirdParty/FreeRTOS/tasks.o
 .bss.xSuspendedTaskList
                0x20000260       0x14 ./ThirdParty/FreeRTOS/tasks.o
 .bss.uxCurrentNumberOfTasks
                0x20000274        0x4 ./ThirdParty/FreeRTOS/tasks.o
 .bss.xTickCount
                0x20000278        0x4 ./ThirdParty/FreeRTOS/tasks.o
 .bss.uxTopReadyPriority
                0x2000027c        0x4 ./ThirdParty/FreeRTOS/tasks.o
 .bss.xSchedulerRunning
                0x20000280        0x4 ./ThirdParty/FreeRTOS/tasks.o
 .bss.xPendedTicks
                0x20000284        0x4 ./ThirdParty/FreeRTOS/tasks.o
 .bss.xYieldPending
                0x20000288        0x4 ./ThirdParty/FreeRTOS/tasks.o
 .bss.xNumOfOverflows
                0x2000028c        0x4 ./ThirdParty/FreeRTOS/tasks.o
 .bss.uxTaskNumber
                0x20000290        0x4 ./ThirdParty/FreeRTOS/tasks.o
 .bss.xNextTaskUnblockTime
                0x20000294        0x4 ./ThirdParty/FreeRTOS/tasks.o
 .bss.xIdleTaskHandle
                0x20000298        0x4 ./ThirdParty/FreeRTOS/tasks.o
 .bss.uxSchedulerSuspended
                0x2000029c        0x4 ./ThirdParty/FreeRTOS/tasks.o
 .bss.xActiveTimerList1
                0x200002a0       0x14 ./ThirdParty/FreeRTOS/timers.o
 .bss.xActiveTimerList2
                0x200002b4       0x14 ./ThirdParty/FreeRTOS/timers.o
 .bss.pxCurrentTimerList
                0x200002c8        0x4 ./ThirdParty/FreeRTOS/timers.o
 .bss.pxOverflowTimerList
                0x200002cc        0x4 ./ThirdParty/FreeRTOS/timers.o
 .bss.xTimerQueue
                0x200002d0        0x4 ./ThirdParty/FreeRTOS/timers.o
 .bss.xTimerTaskHandle
                0x200002d4        0x4 ./ThirdParty/FreeRTOS/timers.o
 .bss.xLastTime.0
                0x200002d8        0x4 ./ThirdParty/FreeRTOS/timers.o
 .bss.ucMaxSysCallPriority
                0x200002dc        0x1 ./ThirdParty/FreeRTOS/portable/GCC/ARM_CM4F/port.o
 *fill*         0x200002dd        0x3 
 .bss.ulMaxPRIGROUPValue
                0x200002e0        0x4 ./ThirdParty/FreeRTOS/portable/GCC/ARM_CM4F/port.o
 .bss.ucHeap    0x200002e4    0x12c00 ./ThirdParty/FreeRTOS/portable/MemMang/heap_4.o
 .bss.xStart    0x20012ee4        0x8 ./ThirdParty/FreeRTOS/portable/MemMang/heap_4.o
 .bss.pxEnd     0x20012eec        0x4 ./ThirdParty/FreeRTOS/portable/MemMang/heap_4.o
 .bss.xFreeBytesRemaining
                0x20012ef0        0x4 ./ThirdParty/FreeRTOS/portable/MemMang/heap_4.o
 .bss.xMinimumEverFreeBytesRemaining
                0x20012ef4        0x4 ./ThirdParty/FreeRTOS/portable/MemMang/heap_4.o
 .bss.xNumberOfSuccessfulAllocations
                0x20012ef8        0x4 ./ThirdParty/FreeRTOS/portable/MemMang/heap_4.o
 .bss.xNumberOfSuccessfulFrees
                0x20012efc        0x4 ./ThirdParty/FreeRTOS/portable/MemMang/heap_4.o
 .bss.xBlockAllocatedBit
                0x20012f00        0x4 ./ThirdParty/FreeRTOS/portable/MemMang/heap_4.o
 *(COMMON)
                0x20012f04                        . = ALIGN (0x4)
                0x20012f04                        _ebss = .
                0x20012f04                        __bss_end__ = _ebss

._user_heap_stack
                0x20012f04      0x604
                0x20012f08                        . = ALIGN (0x8)
 *fill*         0x20012f04        0x4 
                0x20012f08                        PROVIDE (end = .)
                [!provide]                        PROVIDE (_end = .)
                0x20013108                        . = (. + _Min_Heap_Size)
 *fill*         0x20012f08      0x200 
                0x20013508                        . = (. + _Min_Stack_Size)
 *fill*         0x20013108      0x400 
                0x20013508                        . = ALIGN (0x8)

/DISCARD/
 libc.a(*)
 libm.a(*)
 libgcc.a(*)

.ARM.attributes
                0x00000000       0x30
 *(.ARM.attributes)
 .ARM.attributes
                0x00000000       0x22 C:/ST/STM32CubeIDE_1.15.1/STM32CubeIDE/plugins/com.st.stm32cube.ide.mcu.externaltools.gnu-tools-for-stm32.12.3.rel1.win32_1.0.100.202403111256/tools/bin/../lib/gcc/arm-none-eabi/12.3.1/thumb/v7e-m+fp/hard/crti.o
 .ARM.attributes
                0x00000022       0x34 C:/ST/STM32CubeIDE_1.15.1/STM32CubeIDE/plugins/com.st.stm32cube.ide.mcu.externaltools.gnu-tools-for-stm32.12.3.rel1.win32_1.0.100.202403111256/tools/bin/../lib/gcc/arm-none-eabi/12.3.1/thumb/v7e-m+fp/hard/crtbegin.o
 .ARM.attributes
                0x00000056       0x34 ./Core/Src/display.o
 .ARM.attributes
                0x0000008a       0x34 ./Core/Src/fonts.o
 .ARM.attributes
                0x000000be       0x34 ./Core/Src/main.o
 .ARM.attributes
                0x000000f2       0x34 ./Core/Src/st7789.o
 .ARM.attributes
                0x00000126       0x34 ./Core/Src/stm32f4xx_hal_msp.o
 .ARM.attributes
                0x0000015a       0x34 ./Core/Src/stm32f4xx_hal_timebase_tim.o
 .ARM.attributes
                0x0000018e       0x34 ./Core/Src/stm32f4xx_it.o
 .ARM.attributes
                0x000001c2       0x34 ./Core/Src/system_stm32f4xx.o
 .ARM.attributes
                0x000001f6       0x21 ./Core/Startup/startup_stm32f405rgtx.o
 .ARM.attributes
                0x00000217       0x34 ./Drivers/STM32F4xx_HAL_Driver/Src/stm32f4xx_hal.o
 .ARM.attributes
                0x0000024b       0x34 ./Drivers/STM32F4xx_HAL_Driver/Src/stm32f4xx_hal_cortex.o
 .ARM.attributes
                0x0000027f       0x34 ./Drivers/STM32F4xx_HAL_Driver/Src/stm32f4xx_hal_dma.o
 .ARM.attributes
                0x000002b3       0x34 ./Drivers/STM32F4xx_HAL_Driver/Src/stm32f4xx_hal_gpio.o
 .ARM.attributes
                0x000002e7       0x34 ./Drivers/STM32F4xx_HAL_Driver/Src/stm32f4xx_hal_rcc.o
 .ARM.attributes
                0x0000031b       0x34 ./Drivers/STM32F4xx_HAL_Driver/Src/stm32f4xx_hal_spi.o
 .ARM.attributes
                0x0000034f       0x34 ./Drivers/STM32F4xx_HAL_Driver/Src/stm32f4xx_hal_tim.o
 .ARM.attributes
                0x00000383       0x34 ./Drivers/STM32F4xx_HAL_Driver/Src/stm32f4xx_hal_tim_ex.o
 .ARM.attributes
                0x000003b7       0x34 ./Drivers/STM32F4xx_HAL_Driver/Src/stm32f4xx_hal_uart.o
 .ARM.attributes
                0x000003eb       0x34 ./ThirdParty/FreeRTOS/list.o
 .ARM.attributes
                0x0000041f       0x34 ./ThirdParty/FreeRTOS/queue.o
 .ARM.attributes
                0x00000453       0x34 ./ThirdParty/FreeRTOS/tasks.o
 .ARM.attributes
                0x00000487       0x34 ./ThirdParty/FreeRTOS/timers.o
 .ARM.attributes
                0x000004bb       0x34 ./ThirdParty/FreeRTOS/portable/GCC/ARM_CM4F/port.o
 .ARM.attributes
                0x000004ef       0x34 ./ThirdParty/FreeRTOS/portable/MemMang/heap_4.o
 .ARM.attributes
                0x00000523       0x34 C:/ST/STM32CubeIDE_1.15.1/STM32CubeIDE/plugins/com.st.stm32cube.ide.mcu.externaltools.gnu-tools-for-stm32.12.3.rel1.win32_1.0.100.202403111256/tools/bin/../lib/gcc/arm-none-eabi/12.3.1/../../../../arm-none-eabi/lib/thumb/v7e-m+fp/hard\libc_nano.a(libc_a-memset.o)
 .ARM.attributes
                0x00000557       0x34 C:/ST/STM32CubeIDE_1.15.1/STM32CubeIDE/plugins/com.st.stm32cube.ide.mcu.externaltools.gnu-tools-for-stm32.12.3.rel1.win32_1.0.100.202403111256/tools/bin/../lib/gcc/arm-none-eabi/12.3.1/../../../../arm-none-eabi/lib/thumb/v7e-m+fp/hard\libc_nano.a(libc_a-init.o)
 .ARM.attributes
                0x0000058b       0x34 C:/ST/STM32CubeIDE_1.15.1/STM32CubeIDE/plugins/com.st.stm32cube.ide.mcu.externaltools.gnu-tools-for-stm32.12.3.rel1.win32_1.0.100.202403111256/tools/bin/../lib/gcc/arm-none-eabi/12.3.1/../../../../arm-none-eabi/lib/thumb/v7e-m+fp/hard\libc_nano.a(libc_a-memcpy-stub.o)
 .ARM.attributes
                0x000005bf       0x22 C:/ST/STM32CubeIDE_1.15.1/STM32CubeIDE/plugins/com.st.stm32cube.ide.mcu.externaltools.gnu-tools-for-stm32.12.3.rel1.win32_1.0.100.202403111256/tools/bin/../lib/gcc/arm-none-eabi/12.3.1/thumb/v7e-m+fp/hard\libgcc.a(_aeabi_uldivmod.o)
 .ARM.attributes
                0x000005e1       0x34 C:/ST/STM32CubeIDE_1.15.1/STM32CubeIDE/plugins/com.st.stm32cube.ide.mcu.externaltools.gnu-tools-for-stm32.12.3.rel1.win32_1.0.100.202403111256/tools/bin/../lib/gcc/arm-none-eabi/12.3.1/thumb/v7e-m+fp/hard\libgcc.a(_udivmoddi4.o)
 .ARM.attributes
                0x00000615       0x22 C:/ST/STM32CubeIDE_1.15.1/STM32CubeIDE/plugins/com.st.stm32cube.ide.mcu.externaltools.gnu-tools-for-stm32.12.3.rel1.win32_1.0.100.202403111256/tools/bin/../lib/gcc/arm-none-eabi/12.3.1/thumb/v7e-m+fp/hard\libgcc.a(_dvmd_tls.o)
 .ARM.attributes
                0x00000637       0x22 C:/ST/STM32CubeIDE_1.15.1/STM32CubeIDE/plugins/com.st.stm32cube.ide.mcu.externaltools.gnu-tools-for-stm32.12.3.rel1.win32_1.0.100.202403111256/tools/bin/../lib/gcc/arm-none-eabi/12.3.1/thumb/v7e-m+fp/hard/crtn.o
OUTPUT(prj6.elf elf32-littlearm)
LOAD linker stubs
LOAD C:/ST/STM32CubeIDE_1.15.1/STM32CubeIDE/plugins/com.st.stm32cube.ide.mcu.externaltools.gnu-tools-for-stm32.12.3.rel1.win32_1.0.100.202403111256/tools/bin/../lib/gcc/arm-none-eabi/12.3.1/../../../../arm-none-eabi/lib/thumb/v7e-m+fp/hard\libc.a
LOAD C:/ST/STM32CubeIDE_1.15.1/STM32CubeIDE/plugins/com.st.stm32cube.ide.mcu.externaltools.gnu-tools-for-stm32.12.3.rel1.win32_1.0.100.202403111256/tools/bin/../lib/gcc/arm-none-eabi/12.3.1/../../../../arm-none-eabi/lib/thumb/v7e-m+fp/hard\libm.a
LOAD C:/ST/STM32CubeIDE_1.15.1/STM32CubeIDE/plugins/com.st.stm32cube.ide.mcu.externaltools.gnu-tools-for-stm32.12.3.rel1.win32_1.0.100.202403111256/tools/bin/../lib/gcc/arm-none-eabi/12.3.1/thumb/v7e-m+fp/hard\libgcc.a

.debug_info     0x00000000    0x158ce
 .debug_info    0x00000000      0x336 ./Core/Src/display.o
 .debug_info    0x00000336      0x1e9 ./Core/Src/fonts.o
 .debug_info    0x0000051f     0x1505 ./Core/Src/main.o
 .debug_info    0x00001a24     0x1100 ./Core/Src/st7789.o
 .debug_info    0x00002b24      0xe53 ./Core/Src/stm32f4xx_hal_msp.o
 .debug_info    0x00003977      0xbdc ./Core/Src/stm32f4xx_hal_timebase_tim.o
 .debug_info    0x00004553      0x953 ./Core/Src/stm32f4xx_it.o
 .debug_info    0x00004ea6      0x512 ./Core/Src/system_stm32f4xx.o
 .debug_info    0x000053b8       0x30 ./Core/Startup/startup_stm32f405rgtx.o
 .debug_info    0x000053e8      0x932 ./Drivers/STM32F4xx_HAL_Driver/Src/stm32f4xx_hal.o
 .debug_info    0x00005d1a      0xd7a ./Drivers/STM32F4xx_HAL_Driver/Src/stm32f4xx_hal_cortex.o
 .debug_info    0x00006a94      0x8e7 ./Drivers/STM32F4xx_HAL_Driver/Src/stm32f4xx_hal_dma.o
 .debug_info    0x0000737b      0x6c3 ./Drivers/STM32F4xx_HAL_Driver/Src/stm32f4xx_hal_gpio.o
 .debug_info    0x00007a3e      0x8af ./Drivers/STM32F4xx_HAL_Driver/Src/stm32f4xx_hal_rcc.o
 .debug_info    0x000082ed     0x1525 ./Drivers/STM32F4xx_HAL_Driver/Src/stm32f4xx_hal_spi.o
 .debug_info    0x00009812     0x299d ./Drivers/STM32F4xx_HAL_Driver/Src/stm32f4xx_hal_tim.o
 .debug_info    0x0000c1af     0x14db ./Drivers/STM32F4xx_HAL_Driver/Src/stm32f4xx_hal_tim_ex.o
 .debug_info    0x0000d68a     0x2f4f ./Drivers/STM32F4xx_HAL_Driver/Src/stm32f4xx_hal_uart.o
 .debug_info    0x000105d9      0x2af ./ThirdParty/FreeRTOS/list.o
 .debug_info    0x00010888     0x17d9 ./ThirdParty/FreeRTOS/queue.o
 .debug_info    0x00012061     0x206a ./ThirdParty/FreeRTOS/tasks.o
 .debug_info    0x000140cb      0xe4d ./ThirdParty/FreeRTOS/timers.o
 .debug_info    0x00014f18      0x4e1 ./ThirdParty/FreeRTOS/portable/GCC/ARM_CM4F/port.o
 .debug_info    0x000153f9      0x4d5 ./ThirdParty/FreeRTOS/portable/MemMang/heap_4.o

.debug_abbrev   0x00000000     0x3446
 .debug_abbrev  0x00000000      0x18e ./Core/Src/display.o
 .debug_abbrev  0x0000018e       0xd3 ./Core/Src/fonts.o
 .debug_abbrev  0x00000261      0x357 ./Core/Src/main.o
 .debug_abbrev  0x000005b8      0x277 ./Core/Src/st7789.o
 .debug_abbrev  0x0000082f      0x1cd ./Core/Src/stm32f4xx_hal_msp.o
 .debug_abbrev  0x000009fc      0x1f4 ./Core/Src/stm32f4xx_hal_timebase_tim.o
 .debug_abbrev  0x00000bf0      0x189 ./Core/Src/stm32f4xx_it.o
 .debug_abbrev  0x00000d79      0x11a ./Core/Src/system_stm32f4xx.o
 .debug_abbrev  0x00000e93       0x24 ./Core/Startup/startup_stm32f405rgtx.o
 .debug_abbrev  0x00000eb7      0x214 ./Drivers/STM32F4xx_HAL_Driver/Src/stm32f4xx_hal.o
 .debug_abbrev  0x000010cb      0x31d ./Drivers/STM32F4xx_HAL_Driver/Src/stm32f4xx_hal_cortex.o
 .debug_abbrev  0x000013e8      0x264 ./Drivers/STM32F4xx_HAL_Driver/Src/stm32f4xx_hal_dma.o
 .debug_abbrev  0x0000164c      0x1d4 ./Drivers/STM32F4xx_HAL_Driver/Src/stm32f4xx_hal_gpio.o
 .debug_abbrev  0x00001820      0x2b7 ./Drivers/STM32F4xx_HAL_Driver/Src/stm32f4xx_hal_rcc.o
 .debug_abbrev  0x00001ad7      0x27a ./Drivers/STM32F4xx_HAL_Driver/Src/stm32f4xx_hal_spi.o
 .debug_abbrev  0x00001d51      0x278 ./Drivers/STM32F4xx_HAL_Driver/Src/stm32f4xx_hal_tim.o
 .debug_abbrev  0x00001fc9      0x283 ./Drivers/STM32F4xx_HAL_Driver/Src/stm32f4xx_hal_tim_ex.o
 .debug_abbrev  0x0000224c      0x30e ./Drivers/STM32F4xx_HAL_Driver/Src/stm32f4xx_hal_uart.o
 .debug_abbrev  0x0000255a       0xf5 ./ThirdParty/FreeRTOS/list.o
 .debug_abbrev  0x0000264f      0x323 ./ThirdParty/FreeRTOS/queue.o
 .debug_abbrev  0x00002972      0x37e ./ThirdParty/FreeRTOS/tasks.o
 .debug_abbrev  0x00002cf0      0x2de ./ThirdParty/FreeRTOS/timers.o
 .debug_abbrev  0x00002fce      0x25a ./ThirdParty/FreeRTOS/portable/GCC/ARM_CM4F/port.o
 .debug_abbrev  0x00003228      0x21e ./ThirdParty/FreeRTOS/portable/MemMang/heap_4.o

.debug_aranges  0x00000000     0x1458
 .debug_aranges
                0x00000000       0x38 ./Core/Src/display.o
 .debug_aranges
                0x00000038       0x18 ./Core/Src/fonts.o
 .debug_aranges
                0x00000050       0x70 ./Core/Src/main.o
 .debug_aranges
                0x000000c0       0xc8 ./Core/Src/st7789.o
 .debug_aranges
                0x00000188       0x40 ./Core/Src/stm32f4xx_hal_msp.o
 .debug_aranges
                0x000001c8       0x30 ./Core/Src/stm32f4xx_hal_timebase_tim.o
 .debug_aranges
                0x000001f8       0x58 ./Core/Src/stm32f4xx_it.o
 .debug_aranges
                0x00000250       0x28 ./Core/Src/system_stm32f4xx.o
 .debug_aranges
                0x00000278       0x28 ./Core/Startup/startup_stm32f405rgtx.o
 .debug_aranges
                0x000002a0       0xf0 ./Drivers/STM32F4xx_HAL_Driver/Src/stm32f4xx_hal.o
 .debug_aranges
                0x00000390      0x130 ./Drivers/STM32F4xx_HAL_Driver/Src/stm32f4xx_hal_cortex.o
 .debug_aranges
                0x000004c0       0x90 ./Drivers/STM32F4xx_HAL_Driver/Src/stm32f4xx_hal_dma.o
 .debug_aranges
                0x00000550       0x58 ./Drivers/STM32F4xx_HAL_Driver/Src/stm32f4xx_hal_gpio.o
 .debug_aranges
                0x000005a8       0x88 ./Drivers/STM32F4xx_HAL_Driver/Src/stm32f4xx_hal_rcc.o
 .debug_aranges
                0x00000630      0x1d0 ./Drivers/STM32F4xx_HAL_Driver/Src/stm32f4xx_hal_spi.o
 .debug_aranges
                0x00000800      0x3d0 ./Drivers/STM32F4xx_HAL_Driver/Src/stm32f4xx_hal_tim.o
 .debug_aranges
                0x00000bd0      0x168 ./Drivers/STM32F4xx_HAL_Driver/Src/stm32f4xx_hal_tim_ex.o
 .debug_aranges
                0x00000d38      0x208 ./Drivers/STM32F4xx_HAL_Driver/Src/stm32f4xx_hal_uart.o
 .debug_aranges
                0x00000f40       0x40 ./ThirdParty/FreeRTOS/list.o
 .debug_aranges
                0x00000f80      0x130 ./ThirdParty/FreeRTOS/queue.o
 .debug_aranges
                0x000010b0      0x1f8 ./ThirdParty/FreeRTOS/tasks.o
 .debug_aranges
                0x000012a8       0xd8 ./ThirdParty/FreeRTOS/timers.o
 .debug_aranges
                0x00001380       0x80 ./ThirdParty/FreeRTOS/portable/GCC/ARM_CM4F/port.o
 .debug_aranges
                0x00001400       0x58 ./ThirdParty/FreeRTOS/portable/MemMang/heap_4.o

.debug_rnglists
                0x00000000      0xfcb
 .debug_rnglists
                0x00000000       0x26 ./Core/Src/display.o
 .debug_rnglists
                0x00000026       0x52 ./Core/Src/main.o
 .debug_rnglists
                0x00000078       0x9d ./Core/Src/st7789.o
 .debug_rnglists
                0x00000115       0x2d ./Core/Src/stm32f4xx_hal_msp.o
 .debug_rnglists
                0x00000142       0x20 ./Core/Src/stm32f4xx_hal_timebase_tim.o
 .debug_rnglists
                0x00000162       0x3d ./Core/Src/stm32f4xx_it.o
 .debug_rnglists
                0x0000019f       0x1a ./Core/Src/system_stm32f4xx.o
 .debug_rnglists
                0x000001b9       0x19 ./Core/Startup/startup_stm32f405rgtx.o
 .debug_rnglists
                0x000001d2       0xaf ./Drivers/STM32F4xx_HAL_Driver/Src/stm32f4xx_hal.o
 .debug_rnglists
                0x00000281       0xe0 ./Drivers/STM32F4xx_HAL_Driver/Src/stm32f4xx_hal_cortex.o
 .debug_rnglists
                0x00000361       0x70 ./Drivers/STM32F4xx_HAL_Driver/Src/stm32f4xx_hal_dma.o
 .debug_rnglists
                0x000003d1       0x3f ./Drivers/STM32F4xx_HAL_Driver/Src/stm32f4xx_hal_gpio.o
 .debug_rnglists
                0x00000410       0x66 ./Drivers/STM32F4xx_HAL_Driver/Src/stm32f4xx_hal_rcc.o
 .debug_rnglists
                0x00000476      0x16f ./Drivers/STM32F4xx_HAL_Driver/Src/stm32f4xx_hal_spi.o
 .debug_rnglists
                0x000005e5      0x31a ./Drivers/STM32F4xx_HAL_Driver/Src/stm32f4xx_hal_tim.o
 .debug_rnglists
                0x000008ff      0x125 ./Drivers/STM32F4xx_HAL_Driver/Src/stm32f4xx_hal_tim_ex.o
 .debug_rnglists
                0x00000a24      0x1bc ./Drivers/STM32F4xx_HAL_Driver/Src/stm32f4xx_hal_uart.o
 .debug_rnglists
                0x00000be0       0x2b ./ThirdParty/FreeRTOS/list.o
 .debug_rnglists
                0x00000c0b       0xeb ./ThirdParty/FreeRTOS/queue.o
 .debug_rnglists
                0x00000cf6      0x193 ./ThirdParty/FreeRTOS/tasks.o
 .debug_rnglists
                0x00000e89       0xa3 ./ThirdParty/FreeRTOS/timers.o
 .debug_rnglists
                0x00000f2c       0x5d ./ThirdParty/FreeRTOS/portable/GCC/ARM_CM4F/port.o
 .debug_rnglists
                0x00000f89       0x42 ./ThirdParty/FreeRTOS/portable/MemMang/heap_4.o

.debug_macro    0x00000000    0x21387
 .debug_macro   0x00000000      0x20a ./Core/Src/display.o
 .debug_macro   0x0000020a      0xab4 ./Core/Src/display.o
 .debug_macro   0x00000cbe       0x22 ./Core/Src/display.o
 .debug_macro   0x00000ce0       0x8e ./Core/Src/display.o
 .debug_macro   0x00000d6e       0x51 ./Core/Src/display.o
 .debug_macro   0x00000dbf      0x103 ./Core/Src/display.o
 .debug_macro   0x00000ec2       0x6a ./Core/Src/display.o
 .debug_macro   0x00000f2c      0x1df ./Core/Src/display.o
 .debug_macro   0x0000110b      0x2a1 ./Core/Src/display.o
 .debug_macro   0x000013ac       0x2e ./Core/Src/display.o
 .debug_macro   0x000013da       0x2f ./Core/Src/display.o
 .debug_macro   0x00001409       0x1c ./Core/Src/display.o
 .debug_macro   0x00001425       0x22 ./Core/Src/display.o
 .debug_macro   0x00001447       0xfb ./Core/Src/display.o
 .debug_macro   0x00001542     0x1011 ./Core/Src/display.o
 .debug_macro   0x00002553      0x11f ./Core/Src/display.o
 .debug_macro   0x00002672    0x1426d ./Core/Src/display.o
 .debug_macro   0x000168df       0x6d ./Core/Src/display.o
 .debug_macro   0x0001694c     0x369a ./Core/Src/display.o
 .debug_macro   0x00019fe6      0x189 ./Core/Src/display.o
 .debug_macro   0x0001a16f       0x5c ./Core/Src/display.o
 .debug_macro   0x0001a1cb      0x8bc ./Core/Src/display.o
 .debug_macro   0x0001aa87      0x9e9 ./Core/Src/display.o
 .debug_macro   0x0001b470      0x115 ./Core/Src/display.o
 .debug_macro   0x0001b585      0x130 ./Core/Src/display.o
 .debug_macro   0x0001b6b5       0xa5 ./Core/Src/display.o
 .debug_macro   0x0001b75a      0x174 ./Core/Src/display.o
 .debug_macro   0x0001b8ce      0x287 ./Core/Src/display.o
 .debug_macro   0x0001bb55       0x5f ./Core/Src/display.o
 .debug_macro   0x0001bbb4      0x236 ./Core/Src/display.o
 .debug_macro   0x0001bdea      0x12c ./Core/Src/display.o
 .debug_macro   0x0001bf16      0x21e ./Core/Src/display.o
 .debug_macro   0x0001c134       0x2e ./Core/Src/display.o
 .debug_macro   0x0001c162      0x127 ./Core/Src/display.o
 .debug_macro   0x0001c289       0x7e ./Core/Src/display.o
 .debug_macro   0x0001c307       0x89 ./Core/Src/display.o
 .debug_macro   0x0001c390      0x225 ./Core/Src/display.o
 .debug_macro   0x0001c5b5      0x8ed ./Core/Src/display.o
 .debug_macro   0x0001cea2       0x4d ./Core/Src/display.o
 .debug_macro   0x0001ceef      0x2aa ./Core/Src/display.o
 .debug_macro   0x0001d199      0x12d ./Core/Src/display.o
 .debug_macro   0x0001d2c6       0x34 ./Core/Src/display.o
 .debug_macro   0x0001d2fa      0x1ba ./Core/Src/display.o
 .debug_macro   0x0001d4b4       0x6d ./Core/Src/fonts.o
 .debug_macro   0x0001d521      0x354 ./Core/Src/main.o
 .debug_macro   0x0001d875       0x61 ./Core/Src/main.o
 .debug_macro   0x0001d8d6       0x2a ./Core/Src/main.o
 .debug_macro   0x0001d900       0x43 ./Core/Src/main.o
 .debug_macro   0x0001d943       0x34 ./Core/Src/main.o
 .debug_macro   0x0001d977       0x16 ./Core/Src/main.o
 .debug_macro   0x0001d98d       0x35 ./Core/Src/main.o
 .debug_macro   0x0001d9c2      0x369 ./Core/Src/main.o
 .debug_macro   0x0001dd2b       0x10 ./Core/Src/main.o
 .debug_macro   0x0001dd3b       0x16 ./Core/Src/main.o
 .debug_macro   0x0001dd51       0x43 ./Core/Src/main.o
 .debug_macro   0x0001dd94       0x34 ./Core/Src/main.o
 .debug_macro   0x0001ddc8       0x10 ./Core/Src/main.o
 .debug_macro   0x0001ddd8       0x58 ./Core/Src/main.o
 .debug_macro   0x0001de30       0x8e ./Core/Src/main.o
 .debug_macro   0x0001debe       0x1c ./Core/Src/main.o
 .debug_macro   0x0001deda      0x177 ./Core/Src/main.o
 .debug_macro   0x0001e051       0x16 ./Core/Src/main.o
 .debug_macro   0x0001e067       0x16 ./Core/Src/main.o
 .debug_macro   0x0001e07d      0x146 ./Core/Src/main.o
 .debug_macro   0x0001e1c3      0x106 ./Core/Src/main.o
 .debug_macro   0x0001e2c9      0x15a ./Core/Src/main.o
 .debug_macro   0x0001e423       0xea ./Core/Src/main.o
 .debug_macro   0x0001e50d       0x1c ./Core/Src/main.o
 .debug_macro   0x0001e529       0x26 ./Core/Src/main.o
 .debug_macro   0x0001e54f      0x4fd ./Core/Src/main.o
 .debug_macro   0x0001ea4c       0xb5 ./Core/Src/main.o
 .debug_macro   0x0001eb01      0x120 ./Core/Src/main.o
 .debug_macro   0x0001ec21      0x200 ./Core/Src/st7789.o
 .debug_macro   0x0001ee21      0x1e7 ./Core/Src/stm32f4xx_hal_msp.o
 .debug_macro   0x0001f008      0x1d8 ./Core/Src/stm32f4xx_hal_timebase_tim.o
 .debug_macro   0x0001f1e0      0x1f1 ./Core/Src/stm32f4xx_it.o
 .debug_macro   0x0001f3d1      0x1d8 ./Core/Src/system_stm32f4xx.o
 .debug_macro   0x0001f5a9      0x238 ./Drivers/STM32F4xx_HAL_Driver/Src/stm32f4xx_hal.o
 .debug_macro   0x0001f7e1      0x1d8 ./Drivers/STM32F4xx_HAL_Driver/Src/stm32f4xx_hal_cortex.o
 .debug_macro   0x0001f9b9      0x1de ./Drivers/STM32F4xx_HAL_Driver/Src/stm32f4xx_hal_dma.o
 .debug_macro   0x0001fb97      0x1de ./Drivers/STM32F4xx_HAL_Driver/Src/stm32f4xx_hal_gpio.o
 .debug_macro   0x0001fd75      0x1fc ./Drivers/STM32F4xx_HAL_Driver/Src/stm32f4xx_hal_rcc.o
 .debug_macro   0x0001ff71      0x1e7 ./Drivers/STM32F4xx_HAL_Driver/Src/stm32f4xx_hal_spi.o
 .debug_macro   0x00020158      0x1d9 ./Drivers/STM32F4xx_HAL_Driver/Src/stm32f4xx_hal_tim.o
 .debug_macro   0x00020331      0x1d8 ./Drivers/STM32F4xx_HAL_Driver/Src/stm32f4xx_hal_tim_ex.o
 .debug_macro   0x00020509      0x1d9 ./Drivers/STM32F4xx_HAL_Driver/Src/stm32f4xx_hal_uart.o
 .debug_macro   0x000206e2      0x193 ./ThirdParty/FreeRTOS/list.o
 .debug_macro   0x00020875      0x21c ./ThirdParty/FreeRTOS/queue.o
 .debug_macro   0x00020a91       0x16 ./ThirdParty/FreeRTOS/queue.o
 .debug_macro   0x00020aa7       0x20 ./ThirdParty/FreeRTOS/queue.o
 .debug_macro   0x00020ac7       0x80 ./ThirdParty/FreeRTOS/queue.o
 .debug_macro   0x00020b47      0x279 ./ThirdParty/FreeRTOS/tasks.o
 .debug_macro   0x00020dc0       0x10 ./ThirdParty/FreeRTOS/tasks.o
 .debug_macro   0x00020dd0      0x1dc ./ThirdParty/FreeRTOS/timers.o
 .debug_macro   0x00020fac       0x97 ./ThirdParty/FreeRTOS/timers.o
 .debug_macro   0x00021043      0x196 ./ThirdParty/FreeRTOS/portable/GCC/ARM_CM4F/port.o
 .debug_macro   0x000211d9      0x1ae ./ThirdParty/FreeRTOS/portable/MemMang/heap_4.o

.debug_line     0x00000000    0x17d03
 .debug_line    0x00000000      0x804 ./Core/Src/display.o
 .debug_line    0x00000804      0x412 ./Core/Src/fonts.o
 .debug_line    0x00000c16      0xc63 ./Core/Src/main.o
 .debug_line    0x00001879      0xda0 ./Core/Src/st7789.o
 .debug_line    0x00002619      0x814 ./Core/Src/stm32f4xx_hal_msp.o
 .debug_line    0x00002e2d      0x7e1 ./Core/Src/stm32f4xx_hal_timebase_tim.o
 .debug_line    0x0000360e      0x81a ./Core/Src/stm32f4xx_it.o
 .debug_line    0x00003e28      0x7ea ./Core/Src/system_stm32f4xx.o
 .debug_line    0x00004612       0x7a ./Core/Startup/startup_stm32f405rgtx.o
 .debug_line    0x0000468c      0xa53 ./Drivers/STM32F4xx_HAL_Driver/Src/stm32f4xx_hal.o
 .debug_line    0x000050df      0xd45 ./Drivers/STM32F4xx_HAL_Driver/Src/stm32f4xx_hal_cortex.o
 .debug_line    0x00005e24      0xfc3 ./Drivers/STM32F4xx_HAL_Driver/Src/stm32f4xx_hal_dma.o
 .debug_line    0x00006de7      0xbdf ./Drivers/STM32F4xx_HAL_Driver/Src/stm32f4xx_hal_gpio.o
 .debug_line    0x000079c6      0xddc ./Drivers/STM32F4xx_HAL_Driver/Src/stm32f4xx_hal_rcc.o
 .debug_line    0x000087a2     0x1d71 ./Drivers/STM32F4xx_HAL_Driver/Src/stm32f4xx_hal_spi.o
 .debug_line    0x0000a513     0x37f7 ./Drivers/STM32F4xx_HAL_Driver/Src/stm32f4xx_hal_tim.o
 .debug_line    0x0000dd0a     0x1a49 ./Drivers/STM32F4xx_HAL_Driver/Src/stm32f4xx_hal_tim_ex.o
 .debug_line    0x0000f753     0x2925 ./Drivers/STM32F4xx_HAL_Driver/Src/stm32f4xx_hal_uart.o
 .debug_line    0x00012078      0x7f6 ./ThirdParty/FreeRTOS/list.o
 .debug_line    0x0001286e     0x169f ./ThirdParty/FreeRTOS/queue.o
 .debug_line    0x00013f0d     0x1d65 ./ThirdParty/FreeRTOS/tasks.o
 .debug_line    0x00015c72      0xd77 ./ThirdParty/FreeRTOS/timers.o
 .debug_line    0x000169e9      0x8d8 ./ThirdParty/FreeRTOS/portable/GCC/ARM_CM4F/port.o
 .debug_line    0x000172c1      0xa42 ./ThirdParty/FreeRTOS/portable/MemMang/heap_4.o

.debug_str      0x00000000    0xcb1a7
 .debug_str     0x00000000    0xbaba1 ./Core/Src/display.o
                              0xbae33 (size before relaxing)
 .debug_str     0x000baba1       0x4d ./Core/Src/fonts.o
                               0x3d98 (size before relaxing)
 .debug_str     0x000babee     0x8f3e ./Core/Src/main.o
                              0xc3e2b (size before relaxing)
 .debug_str     0x000c3b2c      0x25c ./Core/Src/st7789.o
                              0xbb495 (size before relaxing)
 .debug_str     0x000c3d88      0x57d ./Core/Src/stm32f4xx_hal_msp.o
                              0xbb306 (size before relaxing)
 .debug_str     0x000c4305      0x107 ./Core/Src/stm32f4xx_hal_timebase_tim.o
                              0xbb1f3 (size before relaxing)
 .debug_str     0x000c440c       0xdf ./Core/Src/stm32f4xx_it.o
                              0xbae24 (size before relaxing)
 .debug_str     0x000c44eb       0xdb ./Core/Src/system_stm32f4xx.o
                              0xba71d (size before relaxing)
 .debug_str     0x000c45c6       0x44 ./Core/Startup/startup_stm32f405rgtx.o
                                 0x7c (size before relaxing)
 .debug_str     0x000c460a      0x5bf ./Drivers/STM32F4xx_HAL_Driver/Src/stm32f4xx_hal.o
                              0xbb280 (size before relaxing)
 .debug_str     0x000c4bc9      0x36b ./Drivers/STM32F4xx_HAL_Driver/Src/stm32f4xx_hal_cortex.o
                              0xbaffc (size before relaxing)
 .debug_str     0x000c4f34      0x315 ./Drivers/STM32F4xx_HAL_Driver/Src/stm32f4xx_hal_dma.o
                              0xbab37 (size before relaxing)
 .debug_str     0x000c5249      0x10e ./Drivers/STM32F4xx_HAL_Driver/Src/stm32f4xx_hal_gpio.o
                              0xba898 (size before relaxing)
 .debug_str     0x000c5357      0x1fd ./Drivers/STM32F4xx_HAL_Driver/Src/stm32f4xx_hal_rcc.o
                              0xbab51 (size before relaxing)
 .debug_str     0x000c5554      0x556 ./Drivers/STM32F4xx_HAL_Driver/Src/stm32f4xx_hal_spi.o
                              0xbafdb (size before relaxing)
 .debug_str     0x000c5aaa      0xe36 ./Drivers/STM32F4xx_HAL_Driver/Src/stm32f4xx_hal_tim.o
                              0xbbaa7 (size before relaxing)
 .debug_str     0x000c68e0      0x503 ./Drivers/STM32F4xx_HAL_Driver/Src/stm32f4xx_hal_tim_ex.o
                              0xbb2b3 (size before relaxing)
 .debug_str     0x000c6de3      0x5bd ./Drivers/STM32F4xx_HAL_Driver/Src/stm32f4xx_hal_uart.o
                              0xbb132 (size before relaxing)
 .debug_str     0x000c73a0      0x265 ./ThirdParty/FreeRTOS/list.o
                               0xacd3 (size before relaxing)
 .debug_str     0x000c7605     0x11fb ./ThirdParty/FreeRTOS/queue.o
                               0xd15e (size before relaxing)
 .debug_str     0x000c8800     0x1a29 ./ThirdParty/FreeRTOS/tasks.o
                               0xddb2 (size before relaxing)
 .debug_str     0x000ca229      0x507 ./ThirdParty/FreeRTOS/timers.o
                               0xd4f2 (size before relaxing)
 .debug_str     0x000ca730      0x767 ./ThirdParty/FreeRTOS/portable/GCC/ARM_CM4F/port.o
                               0x9497 (size before relaxing)
 .debug_str     0x000cae97      0x310 ./ThirdParty/FreeRTOS/portable/MemMang/heap_4.o
                               0xc19c (size before relaxing)

.comment        0x00000000       0x43
 .comment       0x00000000       0x43 ./Core/Src/display.o
                                 0x44 (size before relaxing)
 .comment       0x00000043       0x44 ./Core/Src/fonts.o
 .comment       0x00000043       0x44 ./Core/Src/main.o
 .comment       0x00000043       0x44 ./Core/Src/st7789.o
 .comment       0x00000043       0x44 ./Core/Src/stm32f4xx_hal_msp.o
 .comment       0x00000043       0x44 ./Core/Src/stm32f4xx_hal_timebase_tim.o
 .comment       0x00000043       0x44 ./Core/Src/stm32f4xx_it.o
 .comment       0x00000043       0x44 ./Core/Src/system_stm32f4xx.o
 .comment       0x00000043       0x44 ./Drivers/STM32F4xx_HAL_Driver/Src/stm32f4xx_hal.o
 .comment       0x00000043       0x44 ./Drivers/STM32F4xx_HAL_Driver/Src/stm32f4xx_hal_cortex.o
 .comment       0x00000043       0x44 ./Drivers/STM32F4xx_HAL_Driver/Src/stm32f4xx_hal_dma.o
 .comment       0x00000043       0x44 ./Drivers/STM32F4xx_HAL_Driver/Src/stm32f4xx_hal_gpio.o
 .comment       0x00000043       0x44 ./Drivers/STM32F4xx_HAL_Driver/Src/stm32f4xx_hal_rcc.o
 .comment       0x00000043       0x44 ./Drivers/STM32F4xx_HAL_Driver/Src/stm32f4xx_hal_spi.o
 .comment       0x00000043       0x44 ./Drivers/STM32F4xx_HAL_Driver/Src/stm32f4xx_hal_tim.o
 .comment       0x00000043       0x44 ./Drivers/STM32F4xx_HAL_Driver/Src/stm32f4xx_hal_tim_ex.o
 .comment       0x00000043       0x44 ./Drivers/STM32F4xx_HAL_Driver/Src/stm32f4xx_hal_uart.o
 .comment       0x00000043       0x44 ./ThirdParty/FreeRTOS/list.o
 .comment       0x00000043       0x44 ./ThirdParty/FreeRTOS/queue.o
 .comment       0x00000043       0x44 ./ThirdParty/FreeRTOS/tasks.o
 .comment       0x00000043       0x44 ./ThirdParty/FreeRTOS/timers.o
 .comment       0x00000043       0x44 ./ThirdParty/FreeRTOS/portable/GCC/ARM_CM4F/port.o
 .comment       0x00000043       0x44 ./ThirdParty/FreeRTOS/portable/MemMang/heap_4.o

.debug_frame    0x00000000     0x553c
 .debug_frame   0x00000000       0x94 ./Core/Src/display.o
 .debug_frame   0x00000094      0x170 ./Core/Src/main.o
 .debug_frame   0x00000204      0x370 ./Core/Src/st7789.o
 .debug_frame   0x00000574       0xc8 ./Core/Src/stm32f4xx_hal_msp.o
 .debug_frame   0x0000063c       0x74 ./Core/Src/stm32f4xx_hal_timebase_tim.o
 .debug_frame   0x000006b0       0xe0 ./Core/Src/stm32f4xx_it.o
 .debug_frame   0x00000790       0x58 ./Core/Src/system_stm32f4xx.o
 .debug_frame   0x000007e8      0x374 ./Drivers/STM32F4xx_HAL_Driver/Src/stm32f4xx_hal.o
 .debug_frame   0x00000b5c      0x508 ./Drivers/STM32F4xx_HAL_Driver/Src/stm32f4xx_hal_cortex.o
 .debug_frame   0x00001064      0x250 ./Drivers/STM32F4xx_HAL_Driver/Src/stm32f4xx_hal_dma.o
 .debug_frame   0x000012b4      0x14c ./Drivers/STM32F4xx_HAL_Driver/Src/stm32f4xx_hal_gpio.o
 .debug_frame   0x00001400      0x1f4 ./Drivers/STM32F4xx_HAL_Driver/Src/stm32f4xx_hal_rcc.o
 .debug_frame   0x000015f4      0x828 ./Drivers/STM32F4xx_HAL_Driver/Src/stm32f4xx_hal_spi.o
 .debug_frame   0x00001e1c     0x11c0 ./Drivers/STM32F4xx_HAL_Driver/Src/stm32f4xx_hal_tim.o
 .debug_frame   0x00002fdc      0x638 ./Drivers/STM32F4xx_HAL_Driver/Src/stm32f4xx_hal_tim_ex.o
 .debug_frame   0x00003614      0x954 ./Drivers/STM32F4xx_HAL_Driver/Src/stm32f4xx_hal_uart.o
 .debug_frame   0x00003f68       0xd8 ./ThirdParty/FreeRTOS/list.o
 .debug_frame   0x00004040      0x534 ./ThirdParty/FreeRTOS/queue.o
 .debug_frame   0x00004574      0x894 ./ThirdParty/FreeRTOS/tasks.o
 .debug_frame   0x00004e08      0x38c ./ThirdParty/FreeRTOS/timers.o
 .debug_frame   0x00005194      0x1a8 ./ThirdParty/FreeRTOS/portable/GCC/ARM_CM4F/port.o
 .debug_frame   0x0000533c      0x12c ./ThirdParty/FreeRTOS/portable/MemMang/heap_4.o
 .debug_frame   0x00005468       0x20 C:/ST/STM32CubeIDE_1.15.1/STM32CubeIDE/plugins/com.st.stm32cube.ide.mcu.externaltools.gnu-tools-for-stm32.12.3.rel1.win32_1.0.100.202403111256/tools/bin/../lib/gcc/arm-none-eabi/12.3.1/../../../../arm-none-eabi/lib/thumb/v7e-m+fp/hard\libc_nano.a(libc_a-memset.o)
 .debug_frame   0x00005488       0x2c C:/ST/STM32CubeIDE_1.15.1/STM32CubeIDE/plugins/com.st.stm32cube.ide.mcu.externaltools.gnu-tools-for-stm32.12.3.rel1.win32_1.0.100.202403111256/tools/bin/../lib/gcc/arm-none-eabi/12.3.1/../../../../arm-none-eabi/lib/thumb/v7e-m+fp/hard\libc_nano.a(libc_a-init.o)
 .debug_frame   0x000054b4       0x28 C:/ST/STM32CubeIDE_1.15.1/STM32CubeIDE/plugins/com.st.stm32cube.ide.mcu.externaltools.gnu-tools-for-stm32.12.3.rel1.win32_1.0.100.202403111256/tools/bin/../lib/gcc/arm-none-eabi/12.3.1/../../../../arm-none-eabi/lib/thumb/v7e-m+fp/hard\libc_nano.a(libc_a-memcpy-stub.o)
 .debug_frame   0x000054dc       0x2c C:/ST/STM32CubeIDE_1.15.1/STM32CubeIDE/plugins/com.st.stm32cube.ide.mcu.externaltools.gnu-tools-for-stm32.12.3.rel1.win32_1.0.100.202403111256/tools/bin/../lib/gcc/arm-none-eabi/12.3.1/thumb/v7e-m+fp/hard\libgcc.a(_aeabi_uldivmod.o)
 .debug_frame   0x00005508       0x34 C:/ST/STM32CubeIDE_1.15.1/STM32CubeIDE/plugins/com.st.stm32cube.ide.mcu.externaltools.gnu-tools-for-stm32.12.3.rel1.win32_1.0.100.202403111256/tools/bin/../lib/gcc/arm-none-eabi/12.3.1/thumb/v7e-m+fp/hard\libgcc.a(_udivmoddi4.o)

.debug_line_str
                0x00000000       0x60
 .debug_line_str
                0x00000000       0x60 ./Core/Startup/startup_stm32f405rgtx.o
