../Core/Src/main.c:85:5:main	32	static,ignoring_inline_asm
../Core/Src/main.c:148:6:SystemClock_Config	88	static
../Core/Src/main.c:190:13:MX_SPI1_Init	8	static
../Core/Src/main.c:228:13:MX_USART1_UART_Init	8	static
../Core/Src/main.c:261:13:MX_GPIO_Init	40	static
../Core/Src/main.c:295:6:HAL_UARTEx_RxEventCallback	24	static
../Core/Src/main.c:302:13:LED_Blinking_Task	16	static
../Core/Src/main.c:310:13:UART_Receive_Task	16	static
../Core/Src/main.c:317:13:LCD_Display_Task	32	static
../Core/Src/main.c:340:6:HAL_TIM_PeriodElapsedCallback	16	static
../Core/Src/main.c:357:6:Error_Handler	4	static,ignoring_inline_asm
